Archive member included to satisfy reference by file (symbol)

/Users/marcelodearaujo/.pico-sdk/toolchain/13_3_Rel1/bin/../lib/gcc/arm-none-eabi/13.3.1/thumb/v6-m/nofp/libgcc.a(_dvmd_tls.o)
                              CMakeFiles/mandelbrot-fixvfloat.dir/Users/marcelodearaujo/.pico-sdk/sdk/2.1.0/src/rp2_common/pico_divider/divider_hardware.S.o (__aeabi_idiv0)
/Users/marcelodearaujo/.pico-sdk/toolchain/13_3_Rel1/bin/../lib/gcc/arm-none-eabi/13.3.1/../../../../arm-none-eabi/lib/thumb/v6-m/nofp/libg.a(libc_a-calloc.o)
                              CMakeFiles/mandelbrot-fixvfloat.dir/Users/marcelodearaujo/.pico-sdk/sdk/2.1.0/src/rp2_common/pico_malloc/malloc.c.o (calloc)
/Users/marcelodearaujo/.pico-sdk/toolchain/13_3_Rel1/bin/../lib/gcc/arm-none-eabi/13.3.1/../../../../arm-none-eabi/lib/thumb/v6-m/nofp/libg.a(libc_a-callocr.o)
                              /Users/marcelodearaujo/.pico-sdk/toolchain/13_3_Rel1/bin/../lib/gcc/arm-none-eabi/13.3.1/../../../../arm-none-eabi/lib/thumb/v6-m/nofp/libg.a(libc_a-calloc.o) (_calloc_r)
/Users/marcelodearaujo/.pico-sdk/toolchain/13_3_Rel1/bin/../lib/gcc/arm-none-eabi/13.3.1/../../../../arm-none-eabi/lib/thumb/v6-m/nofp/libg.a(libc_a-malloc.o)
                              CMakeFiles/mandelbrot-fixvfloat.dir/Users/marcelodearaujo/.pico-sdk/sdk/2.1.0/src/rp2_common/pico_malloc/malloc.c.o (malloc)
/Users/marcelodearaujo/.pico-sdk/toolchain/13_3_Rel1/bin/../lib/gcc/arm-none-eabi/13.3.1/../../../../arm-none-eabi/lib/thumb/v6-m/nofp/libg.a(libc_a-mallocr.o)
                              /Users/marcelodearaujo/.pico-sdk/toolchain/13_3_Rel1/bin/../lib/gcc/arm-none-eabi/13.3.1/../../../../arm-none-eabi/lib/thumb/v6-m/nofp/libg.a(libc_a-callocr.o) (_malloc_r)
/Users/marcelodearaujo/.pico-sdk/toolchain/13_3_Rel1/bin/../lib/gcc/arm-none-eabi/13.3.1/../../../../arm-none-eabi/lib/thumb/v6-m/nofp/libg.a(libc_a-mlock.o)
                              /Users/marcelodearaujo/.pico-sdk/toolchain/13_3_Rel1/bin/../lib/gcc/arm-none-eabi/13.3.1/../../../../arm-none-eabi/lib/thumb/v6-m/nofp/libg.a(libc_a-mallocr.o) (__malloc_lock)
/Users/marcelodearaujo/.pico-sdk/toolchain/13_3_Rel1/bin/../lib/gcc/arm-none-eabi/13.3.1/../../../../arm-none-eabi/lib/thumb/v6-m/nofp/libg.a(libc_a-realloc.o)
                              CMakeFiles/mandelbrot-fixvfloat.dir/Users/marcelodearaujo/.pico-sdk/sdk/2.1.0/src/rp2_common/pico_malloc/malloc.c.o (realloc)
/Users/marcelodearaujo/.pico-sdk/toolchain/13_3_Rel1/bin/../lib/gcc/arm-none-eabi/13.3.1/../../../../arm-none-eabi/lib/thumb/v6-m/nofp/libg.a(libc_a-reallocr.o)
                              /Users/marcelodearaujo/.pico-sdk/toolchain/13_3_Rel1/bin/../lib/gcc/arm-none-eabi/13.3.1/../../../../arm-none-eabi/lib/thumb/v6-m/nofp/libg.a(libc_a-realloc.o) (_realloc_r)
/Users/marcelodearaujo/.pico-sdk/toolchain/13_3_Rel1/bin/../lib/gcc/arm-none-eabi/13.3.1/../../../../arm-none-eabi/lib/thumb/v6-m/nofp/libg.a(libc_a-memcmp.o)
                              CMakeFiles/mandelbrot-fixvfloat.dir/Users/marcelodearaujo/.pico-sdk/sdk/2.1.0/src/rp2_common/pico_atomic/atomic.c.o (memcmp)
/Users/marcelodearaujo/.pico-sdk/toolchain/13_3_Rel1/bin/../lib/gcc/arm-none-eabi/13.3.1/../../../../arm-none-eabi/lib/thumb/v6-m/nofp/libg.a(libc_a-memmove.o)
                              /Users/marcelodearaujo/.pico-sdk/toolchain/13_3_Rel1/bin/../lib/gcc/arm-none-eabi/13.3.1/../../../../arm-none-eabi/lib/thumb/v6-m/nofp/libg.a(libc_a-reallocr.o) (memmove)
/Users/marcelodearaujo/.pico-sdk/toolchain/13_3_Rel1/bin/../lib/gcc/arm-none-eabi/13.3.1/../../../../arm-none-eabi/lib/thumb/v6-m/nofp/libg.a(libc_a-lcltime_r.o)
                              CMakeFiles/mandelbrot-fixvfloat.dir/Users/marcelodearaujo/.pico-sdk/sdk/2.1.0/src/common/pico_util/datetime.c.o (localtime_r)
/Users/marcelodearaujo/.pico-sdk/toolchain/13_3_Rel1/bin/../lib/gcc/arm-none-eabi/13.3.1/../../../../arm-none-eabi/lib/thumb/v6-m/nofp/libg.a(libc_a-mktime.o)
                              CMakeFiles/mandelbrot-fixvfloat.dir/Users/marcelodearaujo/.pico-sdk/sdk/2.1.0/src/common/pico_util/datetime.c.o (mktime)
/Users/marcelodearaujo/.pico-sdk/toolchain/13_3_Rel1/bin/../lib/gcc/arm-none-eabi/13.3.1/../../../../arm-none-eabi/lib/thumb/v6-m/nofp/libg.a(libc_a-month_lengths.o)
                              /Users/marcelodearaujo/.pico-sdk/toolchain/13_3_Rel1/bin/../lib/gcc/arm-none-eabi/13.3.1/../../../../arm-none-eabi/lib/thumb/v6-m/nofp/libg.a(libc_a-lcltime_r.o) (__month_lengths)
/Users/marcelodearaujo/.pico-sdk/toolchain/13_3_Rel1/bin/../lib/gcc/arm-none-eabi/13.3.1/../../../../arm-none-eabi/lib/thumb/v6-m/nofp/libg.a(libc_a-tzcalc_limits.o)
                              /Users/marcelodearaujo/.pico-sdk/toolchain/13_3_Rel1/bin/../lib/gcc/arm-none-eabi/13.3.1/../../../../arm-none-eabi/lib/thumb/v6-m/nofp/libg.a(libc_a-lcltime_r.o) (__tzcalc_limits)
/Users/marcelodearaujo/.pico-sdk/toolchain/13_3_Rel1/bin/../lib/gcc/arm-none-eabi/13.3.1/../../../../arm-none-eabi/lib/thumb/v6-m/nofp/libg.a(libc_a-tzlock.o)
[...]
Memory Configuration

Name             Origin             Length             Attributes
FLASH            0x10000000         0x00200000         xr
RAM              0x20000000         0x00040000         xrw
SCRATCH_X        0x20040000         0x00001000         xrw
SCRATCH_Y        0x20041000         0x00001000         xrw
*default*        0x00000000         0xffffffff

Linker script and memory map

LOAD /Users/marcelodearaujo/.pico-sdk/toolchain/13_3_Rel1/bin/../lib/gcc/arm-none-eabi/13.3.1/thumb/v6-m/nofp/crti.o
LOAD /Users/marcelodearaujo/.pico-sdk/toolchain/13_3_Rel1/bin/../lib/gcc/arm-none-eabi/13.3.1/thumb/v6-m/nofp/crtbegin.o
LOAD /Users/marcelodearaujo/.pico-sdk/toolchain/13_3_Rel1/bin/../lib/gcc/arm-none-eabi/13.3.1/../../../../arm-none-eabi/lib/thumb/v6-m/nofp/crt0.o

.flash_begin    0x10000000        0x0
                0x10000000                        __flash_binary_start = .

.boot2          0x10000000      0x100
                0x10000000                        __boot2_start__ = .
 *(.boot2)
 .boot2         0x10000000      0x100 pico-sdk/src/rp2040/boot_stage2/CMakeFiles/bs2_default_library.dir/bs2_default_padded_checksummed.S.o
                0x10000100                        __boot2_end__ = .
                0x00000001                        ASSERT (((__boot2_end__ - __boot2_start__) == 0x100), ERROR: Pico second stage bootloader must be 256 bytes in size)

.text           0x10000100     0x9160
                0x10000100                        __logical_binary_start = .
 *(.vectors)
 .vectors       0x10000100       0xd4 CMakeFiles/mandelbrot-fixvfloat.dir/Users/marcelodearaujo/.pico-sdk/sdk/2.1.0/src/rp2_common/pico_crt0/crt0.S.o
                0x10000100                __VECTOR_TABLE
                0x10000100                __vectors
                0x100001c0                __default_isrs_start
                0x100001c0                isr_invalid
                0x100001c2                isr_nmi
                0x100001c4                isr_hardfault
                0x100001c6                isr_svcall
                0x100001c8                isr_pendsv
                0x100001ca                isr_systick
                0x100001cc                isr_irq28
                0x100001cc                isr_irq19
                0x100001cc                isr_irq0
                0x100001cc                isr_irq6
                0x100001cc                isr_irq22
                0x100001cc                isr_irq17
                0x100001cc                isr_irq14
                0x100001cc                isr_irq2
                0x100001cc                isr_irq10
                0x100001cc                isr_irq8
                0x100001cc                isr_irq24
                0x100001cc                isr_irq1
                0x100001cc                isr_irq7
                0x100001cc                isr_irq21
                0x100001cc                isr_irq20
                0x100001cc                isr_irq15
                0x100001cc                isr_irq25
                0x100001cc                isr_irq4
                0x100001cc                isr_irq16
                0x100001cc                isr_irq29
                0x100001cc                isr_irq26
                0x100001cc                __default_isrs_end
                0x100001cc                isr_irq3
                0x100001cc                isr_irq9
                0x100001cc                __unhandled_user_irq
                0x100001cc                isr_irq13
                0x100001cc                isr_irq27
                0x100001cc                isr_irq31
                0x100001cc                isr_irq5
                0x100001cc                isr_irq11
                0x100001cc                isr_irq23
                0x100001cc                isr_irq18
                0x100001cc                isr_irq30
                0x100001cc                isr_irq12
                0x100001d2                unhandled_user_irq_num_in_r0
 *(.binary_info_header)
 .binary_info_header
                0x100001d4       0x14 CMakeFiles/mandelbrot-fixvfloat.dir/Users/marcelodearaujo/.pico-sdk/sdk/2.1.0/src/rp2_common/pico_crt0/crt0.S.o
                0x100001e8                        __binary_info_header_end = .
 *(.embedded_block)
                0x100001e8                        __embedded_block_end = .
 *(.reset)
 .reset         0x100001e8       0x9c CMakeFiles/mandelbrot-fixvfloat.dir/Users/marcelodearaujo/.pico-sdk/sdk/2.1.0/src/rp2_common/pico_crt0/crt0.S.o
                0x100001e8                _entry_point
 *(.init)
 .init          0x10000284        0x4 /Users/marcelodearaujo/.pico-sdk/toolchain/13_3_Rel1/bin/../lib/gcc/arm-none-eabi/13.3.1/thumb/v6-m/nofp/crti.o
                0x10000284                _init
 *(EXCLUDE_FILE(*libm.a: *libc.a:*lib_a-mem*.o *libgcc.a:) .text*)
 .text.register_tm_clones
                0x10000288       0x28 /Users/marcelodearaujo/.pico-sdk/toolchain/13_3_Rel1/bin/../lib/gcc/arm-none-eabi/13.3.1/thumb/v6-m/nofp/crtbegin.o
 .text.frame_dummy
                0x100002b0       0x24 /Users/marcelodearaujo/.pico-sdk/toolchain/13_3_Rel1/bin/../lib/gcc/arm-none-eabi/13.3.1/thumb/v6-m/nofp/crtbegin.o
 .text.repeating_timer_callback_core_0
                0x100002d4      0x494 CMakeFiles/mandelbrot-fixvfloat.dir/mandelbrot_fixvfloat.c.o
                0x100002d4                repeating_timer_callback_core_0
 .text.protothread_sched.constprop.0.isra.0
                0x10000768       0x68 CMakeFiles/mandelbrot-fixvfloat.dir/mandelbrot_fixvfloat.c.o
 .text.protothread_sched1.constprop.0.isra.0
                0x100007d0       0x68 CMakeFiles/mandelbrot-fixvfloat.dir/mandelbrot_fixvfloat.c.o
 .text.act_adc  0x10000838      0x224 CMakeFiles/mandelbrot-fixvfloat.dir/mandelbrot_fixvfloat.c.o
                0x10000838                act_adc
 .text.update_score
                0x10000a5c       0x78 CMakeFiles/mandelbrot-fixvfloat.dir/mandelbrot_fixvfloat.c.o
                0x10000a5c                update_score
 .text.protothread_core_0
                0x10000ad4      0x7d4 CMakeFiles/mandelbrot-fixvfloat.dir/mandelbrot_fixvfloat.c.o
 .text.startup.main
                0x100012a8      0x20c CMakeFiles/mandelbrot-fixvfloat.dir/mandelbrot_fixvfloat.c.o
                0x100012a8                main
 .text.initVGA  0x100014b4      0x204 CMakeFiles/mandelbrot-fixvfloat.dir/vga_graphics.c.o
                0x100014b4                initVGA
 .text.fillRect
                0x100016b8       0xe0 CMakeFiles/mandelbrot-fixvfloat.dir/vga_graphics.c.o
                0x100016b8                fillRect
 .text.drawChar
                0x10001798      0x2fc CMakeFiles/mandelbrot-fixvfloat.dir/vga_graphics.c.o
                0x10001798                drawChar
 .text.setCursor
                0x10001a94       0x14 CMakeFiles/mandelbrot-fixvfloat.dir/vga_graphics.c.o
                0x10001a94                setCursor
 .text.setTextSize
                0x10001aa8       0x14 CMakeFiles/mandelbrot-fixvfloat.dir/vga_graphics.c.o
                0x10001aa8                setTextSize
 .text.setTextColor2
                0x10001abc       0x14 CMakeFiles/mandelbrot-fixvfloat.dir/vga_graphics.c.o
                0x10001abc                setTextColor2
 .text.writeString
                0x10001ad0       0xd0 CMakeFiles/mandelbrot-fixvfloat.dir/vga_graphics.c.o
                0x10001ad0                writeString
 .text.gpio_set_function
                0x10001ba0       0x34 CMakeFiles/mandelbrot-fixvfloat.dir/Users/marcelodearaujo/.pico-sdk/sdk/2.1.0/src/rp2_common/hardware_gpio/gpio.c.o
                0x10001ba0                gpio_set_function
 .text.gpio_set_pulls
                0x10001bd4       0x28 CMakeFiles/mandelbrot-fixvfloat.dir/Users/marcelodearaujo/.pico-sdk/sdk/2.1.0/src/rp2_common/hardware_gpio/gpio.c.o
                0x10001bd4                gpio_set_pulls
 .text.gpio_set_input_enabled
                0x10001bfc       0x28 CMakeFiles/mandelbrot-fixvfloat.dir/Users/marcelodearaujo/.pico-sdk/sdk/2.1.0/src/rp2_common/hardware_gpio/gpio.c.o
                0x10001bfc                gpio_set_input_enabled
 .text.gpio_init
                0x10001c24       0x40 CMakeFiles/mandelbrot-fixvfloat.dir/Users/marcelodearaujo/.pico-sdk/sdk/2.1.0/src/rp2_common/hardware_gpio/gpio.c.o
                0x10001c24                gpio_init
 .text.rp2040_chip_version
                0x10001c64        0xc CMakeFiles/mandelbrot-fixvfloat.dir/Users/marcelodearaujo/.pico-sdk/sdk/2.1.0/src/rp2040/pico_platform/platform.c.o
                0x10001c64                rp2040_chip_version
 .text.panic    0x10001c70       0x30 CMakeFiles/mandelbrot-fixvfloat.dir/Users/marcelodearaujo/.pico-sdk/sdk/2.1.0/src/rp2_common/pico_platform_panic/panic.c.o
                0x10001c70                panic
 .text.hw_claim_lock
                0x10001ca0       0x18 CMakeFiles/mandelbrot-fixvfloat.dir/Users/marcelodearaujo/.pico-sdk/sdk/2.1.0/src/common/hardware_claim/claim.c.o
                0x10001ca0                hw_claim_lock
 .text.hw_claim_unlock
                0x10001cb8       0x14 CMakeFiles/mandelbrot-fixvfloat.dir/Users/marcelodearaujo/.pico-sdk/sdk/2.1.0/src/common/hardware_claim/claim.c.o
                0x10001cb8                hw_claim_unlock
 .text.hw_claim_or_assert
                0x10001ccc       0x44 CMakeFiles/mandelbrot-fixvfloat.dir/Users/marcelodearaujo/.pico-sdk/sdk/2.1.0/src/common/hardware_claim/claim.c.o
                0x10001ccc                hw_claim_or_assert
 .text.hw_claim_unused_from_range
                0x10001d10       0x9c CMakeFiles/mandelbrot-fixvfloat.dir/Users/marcelodearaujo/.pico-sdk/sdk/2.1.0/src/common/hardware_claim/claim.c.o
                0x10001d10                hw_claim_unused_from_range
 .text.next_striped_spin_lock_num
                0x10001dac       0x18 CMakeFiles/mandelbrot-fixvfloat.dir/Users/marcelodearaujo/.pico-sdk/sdk/2.1.0/src/rp2_common/hardware_sync/sync.c.o
                0x10001dac                next_striped_spin_lock_num
 .text.spin_lock_claim_unused
                0x10001dc4       0x24 CMakeFiles/mandelbrot-fixvfloat.dir/Users/marcelodearaujo/.pico-sdk/sdk/2.1.0/src/rp2_common/hardware_sync/sync.c.o
                0x10001dc4                spin_lock_claim_unused
 .text.spin_locks_reset
                0x10001de8       0x1c CMakeFiles/mandelbrot-fixvfloat.dir/Users/marcelodearaujo/.pico-sdk/sdk/2.1.0/src/rp2_common/hardware_sync_spin_lock/sync_spin_lock.c.o
                0x10001de8                spin_locks_reset
 .text.runtime_init_per_core_irq_priorities
                0x10001e04       0x24 CMakeFiles/mandelbrot-fixvfloat.dir/Users/marcelodearaujo/.pico-sdk/sdk/2.1.0/src/rp2_common/hardware_irq/irq.c.o
                0x10001e04                runtime_init_per_core_irq_priorities
 .text.irq_set_enabled
                0x10001e28       0x24 CMakeFiles/mandelbrot-fixvfloat.dir/Users/marcelodearaujo/.pico-sdk/sdk/2.1.0/src/rp2_common/hardware_irq/irq.c.o
                0x10001e28                irq_set_enabled
 .text.irq_is_enabled
                0x10001e4c       0x18 CMakeFiles/mandelbrot-fixvfloat.dir/Users/marcelodearaujo/.pico-sdk/sdk/2.1.0/src/rp2_common/hardware_irq/irq.c.o
                0x10001e4c                irq_is_enabled
 .text.irq_set_pending
                0x10001e64       0x10 CMakeFiles/mandelbrot-fixvfloat.dir/Users/marcelodearaujo/.pico-sdk/sdk/2.1.0/src/rp2_common/hardware_irq/irq.c.o
                0x10001e64                irq_set_pending
 .text.irq_has_shared_handler
                0x10001e74       0x2c CMakeFiles/mandelbrot-fixvfloat.dir/Users/marcelodearaujo/.pico-sdk/sdk/2.1.0/src/rp2_common/hardware_irq/irq.c.o
                0x10001e74                irq_has_shared_handler
 .text.irq_set_exclusive_handler
                0x10001ea0       0x54 CMakeFiles/mandelbrot-fixvfloat.dir/Users/marcelodearaujo/.pico-sdk/sdk/2.1.0/src/rp2_common/hardware_irq/irq.c.o
                0x10001ea0                irq_set_exclusive_handler
 .text.irq_add_shared_handler
                0x10001ef4      0x1f4 CMakeFiles/mandelbrot-fixvfloat.dir/Users/marcelodearaujo/.pico-sdk/sdk/2.1.0/src/rp2_common/hardware_irq/irq.c.o
                0x10001ef4                irq_add_shared_handler
 .text.irq_add_tail_to_free_list
                0x100020e8       0xb4 CMakeFiles/mandelbrot-fixvfloat.dir/Users/marcelodearaujo/.pico-sdk/sdk/2.1.0/src/rp2_common/hardware_irq/irq.c.o
                0x100020e8                irq_add_tail_to_free_list
 .text.user_irq_claim_unused
                0x1000219c       0x2c CMakeFiles/mandelbrot-fixvfloat.dir/Users/marcelodearaujo/.pico-sdk/sdk/2.1.0/src/rp2_common/hardware_irq/irq.c.o
                0x1000219c                user_irq_claim_unused
 .text.lock_init
                0x100021c8       0x10 CMakeFiles/mandelbrot-fixvfloat.dir/Users/marcelodearaujo/.pico-sdk/sdk/2.1.0/src/common/pico_sync/lock_core.c.o
                0x100021c8                lock_init
 .text.runtime_init_mutex
                0x100021d8       0x50 CMakeFiles/mandelbrot-fixvfloat.dir/Users/marcelodearaujo/.pico-sdk/sdk/2.1.0/src/common/pico_sync/mutex.c.o
                0x100021d8                runtime_init_mutex
 .text.mutex_init
                0x10002228       0x1c CMakeFiles/mandelbrot-fixvfloat.dir/Users/marcelodearaujo/.pico-sdk/sdk/2.1.0/src/common/pico_sync/mutex.c.o
                0x10002228                mutex_init
 .text.critical_section_init
                0x10002244       0x1c CMakeFiles/mandelbrot-fixvfloat.dir/Users/marcelodearaujo/.pico-sdk/sdk/2.1.0/src/common/pico_sync/critical_section.c.o
                0x10002244                critical_section_init
 .text.critical_section_init_with_lock_num
                0x10002260       0x14 CMakeFiles/mandelbrot-fixvfloat.dir/Users/marcelodearaujo/.pico-sdk/sdk/2.1.0/src/common/pico_sync/critical_section.c.o
                0x10002260                critical_section_init_with_lock_num
 .text.sleep_until_callback
                0x10002274       0x30 CMakeFiles/mandelbrot-fixvfloat.dir/Users/marcelodearaujo/.pico-sdk/sdk/2.1.0/src/common/pico_time/time.c.o
 .text.alarm_pool_irq_handler
                0x100022a4      0x2fc CMakeFiles/mandelbrot-fixvfloat.dir/Users/marcelodearaujo/.pico-sdk/sdk/2.1.0/src/common/pico_time/time.c.o
 .text.runtime_init_default_alarm_pool
                0x100025a0       0xdc CMakeFiles/mandelbrot-fixvfloat.dir/Users/marcelodearaujo/.pico-sdk/sdk/2.1.0/src/common/pico_time/time.c.o
                0x100025a0                runtime_init_default_alarm_pool
 .text.alarm_pool_get_default
                0x1000267c        0x8 CMakeFiles/mandelbrot-fixvfloat.dir/Users/marcelodearaujo/.pico-sdk/sdk/2.1.0/src/common/pico_time/time.c.o
                0x1000267c                alarm_pool_get_default
 .text.alarm_pool_add_alarm_at
                0x10002684       0xd4 CMakeFiles/mandelbrot-fixvfloat.dir/Users/marcelodearaujo/.pico-sdk/sdk/2.1.0/src/common/pico_time/time.c.o
                0x10002684                alarm_pool_add_alarm_at
 .text.alarm_pool_add_alarm_at_force_in_context
                0x10002758       0xb0 CMakeFiles/mandelbrot-fixvfloat.dir/Users/marcelodearaujo/.pico-sdk/sdk/2.1.0/src/common/pico_time/time.c.o
                0x10002758                alarm_pool_add_alarm_at_force_in_context
 .text.alarm_pool_cancel_alarm
                0x10002808       0x74 CMakeFiles/mandelbrot-fixvfloat.dir/Users/marcelodearaujo/.pico-sdk/sdk/2.1.0/src/common/pico_time/time.c.o
                0x10002808                alarm_pool_cancel_alarm
 .text.alarm_pool_core_num
                0x1000287c        0x4 CMakeFiles/mandelbrot-fixvfloat.dir/Users/marcelodearaujo/.pico-sdk/sdk/2.1.0/src/common/pico_time/time.c.o
                0x1000287c                alarm_pool_core_num
 .text.sleep_until
                0x10002880       0xd8 CMakeFiles/mandelbrot-fixvfloat.dir/Users/marcelodearaujo/.pico-sdk/sdk/2.1.0/src/common/pico_time/time.c.o
                0x10002880                sleep_until
 .text.sleep_ms
                0x10002958       0x38 CMakeFiles/mandelbrot-fixvfloat.dir/Users/marcelodearaujo/.pico-sdk/sdk/2.1.0/src/common/pico_time/time.c.o
                0x10002958                sleep_ms
 .text.best_effort_wfe_or_timeout
                0x10002990       0xe0 CMakeFiles/mandelbrot-fixvfloat.dir/Users/marcelodearaujo/.pico-sdk/sdk/2.1.0/src/common/pico_time/time.c.o
                0x10002990                best_effort_wfe_or_timeout
 .text.alarm_pool_add_repeating_timer_us
                0x10002a70      0x128 CMakeFiles/mandelbrot-fixvfloat.dir/Users/marcelodearaujo/.pico-sdk/sdk/2.1.0/src/common/pico_time/time.c.o
                0x10002a70                alarm_pool_add_repeating_timer_us
 .text.timer_hardware_alarm_claim
                0x10002b98       0x14 CMakeFiles/mandelbrot-fixvfloat.dir/Users/marcelodearaujo/.pico-sdk/sdk/2.1.0/src/rp2_common/hardware_timer/timer.c.o
                0x10002b98                timer_hardware_alarm_claim
 .text.timer_time_us_64
                0x10002bac       0x10 CMakeFiles/mandelbrot-fixvfloat.dir/Users/marcelodearaujo/.pico-sdk/sdk/2.1.0/src/rp2_common/hardware_timer/timer.c.o
                0x10002bac                timer_time_us_64
 .text.time_us_64
                0x10002bbc       0x14 CMakeFiles/mandelbrot-fixvfloat.dir/Users/marcelodearaujo/.pico-sdk/sdk/2.1.0/src/rp2_common/hardware_timer/timer.c.o
                0x10002bbc                time_us_64
 .text.busy_wait_us
                0x10002bd0       0x68 CMakeFiles/mandelbrot-fixvfloat.dir/Users/marcelodearaujo/.pico-sdk/sdk/2.1.0/src/rp2_common/hardware_timer/timer.c.o
                0x10002bd0                busy_wait_us
 .text.busy_wait_until
                0x10002c38       0x20 CMakeFiles/mandelbrot-fixvfloat.dir/Users/marcelodearaujo/.pico-sdk/sdk/2.1.0/src/rp2_common/hardware_timer/timer.c.o
                0x10002c38                busy_wait_until
 .text.clock_configure_int_divider
                0x10002c58       0xf4 CMakeFiles/mandelbrot-fixvfloat.dir/Users/marcelodearaujo/.pico-sdk/sdk/2.1.0/src/rp2_common/hardware_clocks/clocks.c.o
                0x10002c58                clock_configure_int_divider
 .text.clock_configure_undivided
                0x10002d4c       0xe8 CMakeFiles/mandelbrot-fixvfloat.dir/Users/marcelodearaujo/.pico-sdk/sdk/2.1.0/src/rp2_common/hardware_clocks/clocks.c.o
                0x10002d4c                clock_configure_undivided
 .text.clock_get_hz
                0x10002e34        0xc CMakeFiles/mandelbrot-fixvfloat.dir/Users/marcelodearaujo/.pico-sdk/sdk/2.1.0/src/rp2_common/hardware_clocks/clocks.c.o
                0x10002e34                clock_get_hz
 .text.pll_init
                0x10002e40       0xa4 CMakeFiles/mandelbrot-fixvfloat.dir/Users/marcelodearaujo/.pico-sdk/sdk/2.1.0/src/rp2_common/hardware_pll/pll.c.o
                0x10002e40                pll_init
 .text.watchdog_reboot
                0x10002ee4       0x9c CMakeFiles/mandelbrot-fixvfloat.dir/Users/marcelodearaujo/.pico-sdk/sdk/2.1.0/src/rp2_common/hardware_watchdog/watchdog.c.o
                0x10002ee4                watchdog_reboot
 .text.tick_start
                0x10002f80       0x10 CMakeFiles/mandelbrot-fixvfloat.dir/Users/marcelodearaujo/.pico-sdk/sdk/2.1.0/src/rp2_common/hardware_ticks/ticks.c.o
                0x10002f80                tick_start
 .text.rom_func_lookup
                0x10002f90       0x10 CMakeFiles/mandelbrot-fixvfloat.dir/Users/marcelodearaujo/.pico-sdk/sdk/2.1.0/src/rp2_common/pico_bootrom/bootrom.c.o
                0x10002f90                rom_func_lookup
 .text.rom_data_lookup
                0x10002fa0       0x10 CMakeFiles/mandelbrot-fixvfloat.dir/Users/marcelodearaujo/.pico-sdk/sdk/2.1.0/src/rp2_common/pico_bootrom/bootrom.c.o
                0x10002fa0                rom_data_lookup
 .text.rom_funcs_lookup
                0x10002fb0       0x44 CMakeFiles/mandelbrot-fixvfloat.dir/Users/marcelodearaujo/.pico-sdk/sdk/2.1.0/src/rp2_common/pico_bootrom/bootrom.c.o
                0x10002fb0                rom_funcs_lookup
 .text.rom_reset_usb_boot_extra
                0x10002ff4       0x28 CMakeFiles/mandelbrot-fixvfloat.dir/Users/marcelodearaujo/.pico-sdk/sdk/2.1.0/src/rp2_common/pico_bootrom/bootrom.c.o
                0x10002ff4                rom_reset_usb_boot_extra
 .text.xosc_init
                0x1000301c       0x28 CMakeFiles/mandelbrot-fixvfloat.dir/Users/marcelodearaujo/.pico-sdk/sdk/2.1.0/src/rp2_common/hardware_xosc/xosc.c.o
                0x1000301c                xosc_init
 .text.first_per_core_initializer
                0x10003044        0x4 CMakeFiles/mandelbrot-fixvfloat.dir/Users/marcelodearaujo/.pico-sdk/sdk/2.1.0/src/rp2_common/pico_runtime/runtime.c.o
 .text.hard_assertion_failure
                0x10003048        0xc CMakeFiles/mandelbrot-fixvfloat.dir/Users/marcelodearaujo/.pico-sdk/sdk/2.1.0/src/rp2_common/pico_runtime/runtime.c.o
                0x10003048                hard_assertion_failure
 .text.runtime_run_initializers
                0x10003054       0x28 CMakeFiles/mandelbrot-fixvfloat.dir/Users/marcelodearaujo/.pico-sdk/sdk/2.1.0/src/rp2_common/pico_runtime/runtime.c.o
                0x10003054                runtime_run_initializers
 .text.runtime_init_early_resets
                0x1000307c       0x2c CMakeFiles/mandelbrot-fixvfloat.dir/Users/marcelodearaujo/.pico-sdk/sdk/2.1.0/src/rp2_common/pico_runtime_init/runtime_init.c.o
                0x1000307c                runtime_init_early_resets
 .text.runtime_init_usb_power_down
                0x100030a8       0x1c CMakeFiles/mandelbrot-fixvfloat.dir/Users/marcelodearaujo/.pico-sdk/sdk/2.1.0/src/rp2_common/pico_runtime_init/runtime_init.c.o
                0x100030a8                runtime_init_usb_power_down
 .text.runtime_init_post_clock_resets
                0x100030c4       0x20 CMakeFiles/mandelbrot-fixvfloat.dir/Users/marcelodearaujo/.pico-sdk/sdk/2.1.0/src/rp2_common/pico_runtime_init/runtime_init.c.o
                0x100030c4                runtime_init_post_clock_resets
 .text.runtime_init_rp2040_gpio_ie_disable
                0x100030e4       0x14 CMakeFiles/mandelbrot-fixvfloat.dir/Users/marcelodearaujo/.pico-sdk/sdk/2.1.0/src/rp2_common/pico_runtime_init/runtime_init.c.o
                0x100030e4                runtime_init_rp2040_gpio_ie_disable
 .text.runtime_init_spin_locks_reset
                0x100030f8        0x8 CMakeFiles/mandelbrot-fixvfloat.dir/Users/marcelodearaujo/.pico-sdk/sdk/2.1.0/src/rp2_common/pico_runtime_init/runtime_init.c.o
                0x100030f8                runtime_init_spin_locks_reset
 .text.runtime_init_install_ram_vector_table
                0x10003100       0x1c CMakeFiles/mandelbrot-fixvfloat.dir/Users/marcelodearaujo/.pico-sdk/sdk/2.1.0/src/rp2_common/pico_runtime_init/runtime_init.c.o
                0x10003100                runtime_init_install_ram_vector_table
 .text.runtime_init_clocks
                0x1000311c       0xd8 CMakeFiles/mandelbrot-fixvfloat.dir/Users/marcelodearaujo/.pico-sdk/sdk/2.1.0/src/rp2_common/pico_runtime_init/runtime_init_clocks.c.o
                0x1000311c                runtime_init_clocks
 .text          0x100031f4       0x10 CMakeFiles/mandelbrot-fixvfloat.dir/Users/marcelodearaujo/.pico-sdk/sdk/2.1.0/src/rp2_common/pico_bit_ops/bit_ops_aeabi.S.o
 .text.__wrap___aeabi_idiv
                0x10003204       0x50 CMakeFiles/mandelbrot-fixvfloat.dir/Users/marcelodearaujo/.pico-sdk/sdk/2.1.0/src/rp2_common/pico_divider/divider_hardware.S.o
                0x10003204                __wrap___aeabi_idivmod
                0x10003204                divmod_s32s32
                0x10003204                div_s32s32
                0x10003204                __wrap___aeabi_idiv
                0x1000320c                divmod_s32s32_unsafe
                0x10003238                divmod_s32s32_savestate
 .text.__wrap___aeabi_uidiv
                0x10003254       0x4c CMakeFiles/mandelbrot-fixvfloat.dir/Users/marcelodearaujo/.pico-sdk/sdk/2.1.0/src/rp2_common/pico_divider/divider_hardware.S.o
                0x10003254                __wrap___aeabi_uidiv
                0x10003254                __wrap___aeabi_uidivmod
                0x10003254                div_u32u32
                0x10003254                divmod_u32u32
                0x1000325c                divmod_u32u32_unsafe
                0x10003284                divmod_u32u32_savestate
 .text.__wrap___aeabi_ldiv
                0x100032a0      0x424 CMakeFiles/mandelbrot-fixvfloat.dir/Users/marcelodearaujo/.pico-sdk/sdk/2.1.0/src/rp2_common/pico_divider/divider_hardware.S.o
                0x100032a0                __wrap___aeabi_ldivmod
                0x100032a0                div_s64s64
                0x100032a0                divmod_s64s64
                0x100032d0                divmod_u64u64
                0x100032d0                div_u64u64
                0x100032d0                __wrap___aeabi_uldivmod
                0x100032e0                divmod_u64u64_savestate
                0x10003300                divmod_s64s64_unsafe
                0x10003388                divmod_u64u64_unsafe
 .text.push_r8_r11
                0x100036c4        0xc CMakeFiles/mandelbrot-fixvfloat.dir/Users/marcelodearaujo/.pico-sdk/sdk/2.1.0/src/rp2_common/pico_double/double_aeabi_rp2040.S.o
                0x100036c4                push_r8_r11
 .text.pop_r8_r11
                0x100036d0        0xc CMakeFiles/mandelbrot-fixvfloat.dir/Users/marcelodearaujo/.pico-sdk/sdk/2.1.0/src/rp2_common/pico_double/double_aeabi_rp2040.S.o
                0x100036d0                pop_r8_r11
 .text.__wrap___aeabi_darithmetic
                0x100036dc       0x80 CMakeFiles/mandelbrot-fixvfloat.dir/Users/marcelodearaujo/.pico-sdk/sdk/2.1.0/src/rp2_common/pico_double/double_aeabi_rp2040.S.o
                0x100036dc                __wrap___aeabi_drsub
                0x100036e2                __wrap___aeabi_dsub
                0x100036f4                __wrap___aeabi_dadd
                0x10003706                __wrap___aeabi_ddiv
                0x10003742                __wrap___aeabi_dmul
 .text.__wrap___aeabi_cdcmple
                0x1000375c       0x6c CMakeFiles/mandelbrot-fixvfloat.dir/Users/marcelodearaujo/.pico-sdk/sdk/2.1.0/src/rp2_common/pico_double/double_aeabi_rp2040.S.o
                0x1000375c                __wrap___aeabi_cdrcmple
                0x1000376c                __wrap___aeabi_cdcmple
                0x1000376c                __wrap___aeabi_cdcmpeq
 .text.__wrap___aeabi_dcmplt
                0x100037c8        0xc CMakeFiles/mandelbrot-fixvfloat.dir/Users/marcelodearaujo/.pico-sdk/sdk/2.1.0/src/rp2_common/pico_double/double_aeabi_rp2040.S.o
                0x100037c8                __wrap___aeabi_dcmplt
 .text.__wrap___aeabi_dcmpge
                0x100037d4       0x10 CMakeFiles/mandelbrot-fixvfloat.dir/Users/marcelodearaujo/.pico-sdk/sdk/2.1.0/src/rp2_common/pico_double/double_aeabi_rp2040.S.o
                0x100037d4                __wrap___aeabi_dcmpge
 .text.__wrap___aeabi_dcmpgt
                0x100037e4        0xa CMakeFiles/mandelbrot-fixvfloat.dir/Users/marcelodearaujo/.pico-sdk/sdk/2.1.0/src/rp2_common/pico_double/double_aeabi_rp2040.S.o
                0x100037e4                __wrap___aeabi_dcmpgt
 .text.__wrap___aeabi_dcmpun
                0x100037ee       0x18 CMakeFiles/mandelbrot-fixvfloat.dir/Users/marcelodearaujo/.pico-sdk/sdk/2.1.0/src/rp2_common/pico_double/double_aeabi_rp2040.S.o
                0x100037ee                __wrap___aeabi_dcmpun
 *fill*         0x10003806        0x2 
 .text.__wrap___aeabi_i2d
                0x10003808       0x38 CMakeFiles/mandelbrot-fixvfloat.dir/Users/marcelodearaujo/.pico-sdk/sdk/2.1.0/src/rp2_common/pico_double/double_aeabi_rp2040.S.o
                0x10003808                __wrap___aeabi_ui2d
                0x10003810                __wrap___aeabi_i2d
 .text.__wrap___aeabi_d2iz
                0x10003840       0x48 CMakeFiles/mandelbrot-fixvfloat.dir/Users/marcelodearaujo/.pico-sdk/sdk/2.1.0/src/rp2_common/pico_double/double_aeabi_rp2040.S.o
                0x10003840                __wrap___aeabi_d2iz
                0x10003840                double2int_z
 .text.__wrap___aeabi_d2uiz
                0x10003888       0x18 CMakeFiles/mandelbrot-fixvfloat.dir/Users/marcelodearaujo/.pico-sdk/sdk/2.1.0/src/rp2_common/pico_double/double_aeabi_rp2040.S.o
                0x10003888                double2uint
                0x10003888                __wrap___aeabi_d2uiz
 .text.fix642double
                0x100038a0       0x18 CMakeFiles/mandelbrot-fixvfloat.dir/Users/marcelodearaujo/.pico-sdk/sdk/2.1.0/src/rp2_common/pico_double/double_aeabi_rp2040.S.o
                0x100038a0                fix642double
 .text.__wrap___aeabi_d2f
                0x100038b8       0x18 CMakeFiles/mandelbrot-fixvfloat.dir/Users/marcelodearaujo/.pico-sdk/sdk/2.1.0/src/rp2_common/pico_double/double_aeabi_rp2040.S.o
                0x100038b8                __wrap___aeabi_d2f
 .text.__wrap_sincostan_remainder
                0x100038d0       0x14 CMakeFiles/mandelbrot-fixvfloat.dir/Users/marcelodearaujo/.pico-sdk/sdk/2.1.0/src/rp2_common/pico_double/double_aeabi_rp2040.S.o
                0x100038d0                sincostan_remainder
 .text.__wrap_sin
                0x100038e4       0x2c CMakeFiles/mandelbrot-fixvfloat.dir/Users/marcelodearaujo/.pico-sdk/sdk/2.1.0/src/rp2_common/pico_double/double_aeabi_rp2040.S.o
                0x100038e4                __wrap_sin
 .text.__aeabi_double_init
                0x10003910       0xa4 CMakeFiles/mandelbrot-fixvfloat.dir/Users/marcelodearaujo/.pico-sdk/sdk/2.1.0/src/rp2_common/pico_double/double_init_rom_rp2040.c.o
                0x10003910                __aeabi_double_init
 .text.__wrap_remquo
                0x100039b4      0x27c CMakeFiles/mandelbrot-fixvfloat.dir/Users/marcelodearaujo/.pico-sdk/sdk/2.1.0/src/rp2_common/pico_double/double_math.c.o
                0x100039b4                __wrap_remquo
 .text.__wrap_remainder
                0x10003c30       0x10 CMakeFiles/mandelbrot-fixvfloat.dir/Users/marcelodearaujo/.pico-sdk/sdk/2.1.0/src/rp2_common/pico_double/double_math.c.o
                0x10003c30                __wrap_remainder
 .text.double_table_shim_on_use_helper
                0x10003c40       0x2c CMakeFiles/mandelbrot-fixvfloat.dir/Users/marcelodearaujo/.pico-sdk/sdk/2.1.0/src/rp2_common/pico_double/double_v1_rom_shim_rp2040.S.o
                0x10003c40                double_table_shim_on_use_helper
 .text.__wrap___aeabi_dsub
                0x10003c6c       0x10 CMakeFiles/mandelbrot-fixvfloat.dir/Users/marcelodearaujo/.pico-sdk/sdk/2.1.0/src/rp2_common/pico_double/double_v1_rom_shim_rp2040.S.o
                0x10003c6c                drsub_shim
                0x10003c72                dsub_shim
 .text.dadd_shim
                0x10003c7c      0x15c CMakeFiles/mandelbrot-fixvfloat.dir/Users/marcelodearaujo/.pico-sdk/sdk/2.1.0/src/rp2_common/pico_double/double_v1_rom_shim_rp2040.S.o
                0x10003c7c                dadd_shim
 .text.dmul_shim
                0x10003dd8      0x15c CMakeFiles/mandelbrot-fixvfloat.dir/Users/marcelodearaujo/.pico-sdk/sdk/2.1.0/src/rp2_common/pico_double/double_v1_rom_shim_rp2040.S.o
                0x10003dd8                dmul_shim
 .text.ddiv_shim
                0x10003f34      0x1b0 CMakeFiles/mandelbrot-fixvfloat.dir/Users/marcelodearaujo/.pico-sdk/sdk/2.1.0/src/rp2_common/pico_double/double_v1_rom_shim_rp2040.S.o
                0x10003f34                ddiv_shim
 .text.dcordic_vec_step
                0x100040e4        0xe CMakeFiles/mandelbrot-fixvfloat.dir/Users/marcelodearaujo/.pico-sdk/sdk/2.1.0/src/rp2_common/pico_double/double_v1_rom_shim_rp2040.S.o
                0x100040e4                dcordic_vec_step
 .text.dcordic_rot_step
                0x100040f2       0x76 CMakeFiles/mandelbrot-fixvfloat.dir/Users/marcelodearaujo/.pico-sdk/sdk/2.1.0/src/rp2_common/pico_double/double_v1_rom_shim_rp2040.S.o
                0x100040f2                dcordic_rot_step
 .text.double2uint_shim
                0x10004168        0xe CMakeFiles/mandelbrot-fixvfloat.dir/Users/marcelodearaujo/.pico-sdk/sdk/2.1.0/src/rp2_common/pico_double/double_v1_rom_shim_rp2040.S.o
                0x10004168                double2uint_shim
                0x1000416a                double2ufix_shim
 .text.double2int64_shim
                0x10004176       0x1a CMakeFiles/mandelbrot-fixvfloat.dir/Users/marcelodearaujo/.pico-sdk/sdk/2.1.0/src/rp2_common/pico_double/double_v1_rom_shim_rp2040.S.o
                0x10004176                double2int64_shim
                0x10004178                double2fix64_shim
 .text.double2uint64_shim
                0x10004190       0x70 CMakeFiles/mandelbrot-fixvfloat.dir/Users/marcelodearaujo/.pico-sdk/sdk/2.1.0/src/rp2_common/pico_double/double_v1_rom_shim_rp2040.S.o
                0x10004190                double2uint64_shim
                0x10004192                double2ufix64_shim
                0x100041b2                d2fix_a
 .text.double2float_shim
                0x10004200       0x5c CMakeFiles/mandelbrot-fixvfloat.dir/Users/marcelodearaujo/.pico-sdk/sdk/2.1.0/src/rp2_common/pico_double/double_v1_rom_shim_rp2040.S.o
                0x10004200                double2float_shim
 .text.x2double_shims
                0x1000425c       0x90 CMakeFiles/mandelbrot-fixvfloat.dir/Users/marcelodearaujo/.pico-sdk/sdk/2.1.0/src/rp2_common/pico_double/double_v1_rom_shim_rp2040.S.o
                0x1000425c                uint2double_shim
                0x1000425e                ufix2double_shim
                0x10004264                int2double_shim
                0x10004266                fix2double_shim
                0x1000426c                uint642double_shim
                0x1000426e                ufix642double_shim
                0x10004274                int642double_shim
                0x10004276                fix642double_shim
 .text.dunpacks
                0x100042ec       0x3c CMakeFiles/mandelbrot-fixvfloat.dir/Users/marcelodearaujo/.pico-sdk/sdk/2.1.0/src/rp2_common/pico_double/double_v1_rom_shim_rp2040.S.o
                0x100042ec                dunpacks
 .text.dreduce  0x10004328       0x82 CMakeFiles/mandelbrot-fixvfloat.dir/Users/marcelodearaujo/.pico-sdk/sdk/2.1.0/src/rp2_common/pico_double/double_v1_rom_shim_rp2040.S.o
                0x10004328                dreduce
 .text.dsin_shim
                0x100043aa       0x14 CMakeFiles/mandelbrot-fixvfloat.dir/Users/marcelodearaujo/.pico-sdk/sdk/2.1.0/src/rp2_common/pico_double/double_v1_rom_shim_rp2040.S.o
                0x100043aa                dsin_shim
 *fill*         0x100043be        0x2 
 .text.dtrig_guts
                0x100043c0      0x2ec CMakeFiles/mandelbrot-fixvfloat.dir/Users/marcelodearaujo/.pico-sdk/sdk/2.1.0/src/rp2_common/pico_double/double_v1_rom_shim_rp2040.S.o
                0x10004498                datan2_shim
 .text.__aeabi_lmul
                0x100046ac       0x32 CMakeFiles/mandelbrot-fixvfloat.dir/Users/marcelodearaujo/.pico-sdk/sdk/2.1.0/src/rp2_common/pico_int64_ops/pico_int64_ops_aeabi.S.o
                0x100046ac                __wrap___aeabi_lmul
 *fill*         0x100046de        0x2 
 .text.__wrap___aeabi_farithmetic
                0x100046e0       0x48 CMakeFiles/mandelbrot-fixvfloat.dir/Users/marcelodearaujo/.pico-sdk/sdk/2.1.0/src/rp2_common/pico_float/float_aeabi_rp2040.S.o
                0x100046e0                __wrap___aeabi_frsub
                0x100046e6                __wrap___aeabi_fsub
                0x100046ec                __wrap___aeabi_fadd
                0x100046f2                __wrap___aeabi_fdiv
                0x1000471a                __wrap___aeabi_fmul
 .text.__wrap___aeabi_cfcmple
                0x10004728       0x50 CMakeFiles/mandelbrot-fixvfloat.dir/Users/marcelodearaujo/.pico-sdk/sdk/2.1.0/src/rp2_common/pico_float/float_aeabi_rp2040.S.o
                0x10004728                __wrap___aeabi_cfrcmple
                0x10004734                __wrap___aeabi_cfcmpeq
                0x10004734                __wrap___aeabi_cfcmple
 .text.__wrap___aeabi_fcmplt
                0x10004778        0xc CMakeFiles/mandelbrot-fixvfloat.dir/Users/marcelodearaujo/.pico-sdk/sdk/2.1.0/src/rp2_common/pico_float/float_aeabi_rp2040.S.o
                0x10004778                __wrap___aeabi_fcmplt
 .text.__wrap___aeabi_fcmpgt
                0x10004784        0xa CMakeFiles/mandelbrot-fixvfloat.dir/Users/marcelodearaujo/.pico-sdk/sdk/2.1.0/src/rp2_common/pico_float/float_aeabi_rp2040.S.o
                0x10004784                __wrap___aeabi_fcmpgt
 .text.__wrap___aeabi_ui2f
                0x1000478e        0xa CMakeFiles/mandelbrot-fixvfloat.dir/Users/marcelodearaujo/.pico-sdk/sdk/2.1.0/src/rp2_common/pico_float/float_aeabi_rp2040.S.o
                0x1000478e                uint2float
                0x1000478e                __wrap___aeabi_ui2f
 .text.__wrap___aeabi_i2f
                0x10004798       0x44 CMakeFiles/mandelbrot-fixvfloat.dir/Users/marcelodearaujo/.pico-sdk/sdk/2.1.0/src/rp2_common/pico_float/float_aeabi_rp2040.S.o
                0x10004798                int2float
                0x10004798                __wrap___aeabi_i2f
 .text.__wrap___aeabi_f2iz
                0x100047dc       0x4e CMakeFiles/mandelbrot-fixvfloat.dir/Users/marcelodearaujo/.pico-sdk/sdk/2.1.0/src/rp2_common/pico_float/float_aeabi_rp2040.S.o
                0x100047dc                __wrap___aeabi_f2iz
                0x100047dc                float2int_z
 *fill*         0x1000482a        0x2 
 .text.float2int
                0x1000482c       0x14 CMakeFiles/mandelbrot-fixvfloat.dir/Users/marcelodearaujo/.pico-sdk/sdk/2.1.0/src/rp2_common/pico_float/float_aeabi_rp2040.S.o
                0x1000482c                float2int
 .text.__wrap___aeabi_f2uiz
                0x10004840        0xc CMakeFiles/mandelbrot-fixvfloat.dir/Users/marcelodearaujo/.pico-sdk/sdk/2.1.0/src/rp2_common/pico_float/float_aeabi_rp2040.S.o
                0x10004840                float2uint_z
                0x10004840                __wrap___aeabi_f2uiz
 .text.__wrap___aeabi_f2d
                0x1000484c       0x14 CMakeFiles/mandelbrot-fixvfloat.dir/Users/marcelodearaujo/.pico-sdk/sdk/2.1.0/src/rp2_common/pico_float/float_aeabi_rp2040.S.o
                0x1000484c                __wrap___aeabi_f2d
 .text.__aeabi_float_init
                0x10004860       0x64 CMakeFiles/mandelbrot-fixvfloat.dir/Users/marcelodearaujo/.pico-sdk/sdk/2.1.0/src/rp2_common/pico_float/float_init_rom_rp2040.c.o
                0x10004860                __aeabi_float_init
 .text.float_table_shim_on_use_helper
                0x100048c4       0x2c CMakeFiles/mandelbrot-fixvfloat.dir/Users/marcelodearaujo/.pico-sdk/sdk/2.1.0/src/rp2_common/pico_float/float_v1_rom_shim_rp2040.S.o
                0x100048c4                float_table_shim_on_use_helper
 .text.float232_shims
                0x100048f0       0x18 CMakeFiles/mandelbrot-fixvfloat.dir/Users/marcelodearaujo/.pico-sdk/sdk/2.1.0/src/rp2_common/pico_float/float_v1_rom_shim_rp2040.S.o
                0x100048f0                float2int_shim
                0x100048f2                float2fix_shim
 .text.float2double_shim
                0x10004908       0x30 CMakeFiles/mandelbrot-fixvfloat.dir/Users/marcelodearaujo/.pico-sdk/sdk/2.1.0/src/rp2_common/pico_float/float_v1_rom_shim_rp2040.S.o
                0x10004908                float2double_shim
 .text          0x10004938       0x10 CMakeFiles/mandelbrot-fixvfloat.dir/Users/marcelodearaujo/.pico-sdk/sdk/2.1.0/src/rp2_common/pico_mem_ops/mem_ops_aeabi.S.o
                0x10004938                __aeabi_mem_init
 .text.memset   0x10004948        0xc CMakeFiles/mandelbrot-fixvfloat.dir/Users/marcelodearaujo/.pico-sdk/sdk/2.1.0/src/rp2_common/pico_mem_ops/mem_ops_aeabi.S.o
                0x10004948                __wrap_memset
 .text.memcpy   0x10004954        0xc CMakeFiles/mandelbrot-fixvfloat.dir/Users/marcelodearaujo/.pico-sdk/sdk/2.1.0/src/rp2_common/pico_mem_ops/mem_ops_aeabi.S.o
                0x10004954                __wrap___aeabi_memcpy
                0x10004954                __wrap_memcpy
 .text._out_buffer
                0x10004960        0x8 CMakeFiles/mandelbrot-fixvfloat.dir/Users/marcelodearaujo/.pico-sdk/sdk/2.1.0/src/rp2_common/pico_printf/printf.c.o
 .text._out_null
                0x10004968        0x4 CMakeFiles/mandelbrot-fixvfloat.dir/Users/marcelodearaujo/.pico-sdk/sdk/2.1.0/src/rp2_common/pico_printf/printf.c.o
 .text._out_rev
                0x1000496c       0xac CMakeFiles/mandelbrot-fixvfloat.dir/Users/marcelodearaujo/.pico-sdk/sdk/2.1.0/src/rp2_common/pico_printf/printf.c.o
 .text._ntoa_format
                0x10004a18      0x250 CMakeFiles/mandelbrot-fixvfloat.dir/Users/marcelodearaujo/.pico-sdk/sdk/2.1.0/src/rp2_common/pico_printf/printf.c.o
 .text._out_char
                0x10004c68       0x10 CMakeFiles/mandelbrot-fixvfloat.dir/Users/marcelodearaujo/.pico-sdk/sdk/2.1.0/src/rp2_common/pico_printf/printf.c.o
 .text._out_fct
                0x10004c78       0x10 CMakeFiles/mandelbrot-fixvfloat.dir/Users/marcelodearaujo/.pico-sdk/sdk/2.1.0/src/rp2_common/pico_printf/printf.c.o
 .text._etoa    0x10004c88      0x464 CMakeFiles/mandelbrot-fixvfloat.dir/Users/marcelodearaujo/.pico-sdk/sdk/2.1.0/src/rp2_common/pico_printf/printf.c.o
 .text._ftoa    0x100050ec      0x3c0 CMakeFiles/mandelbrot-fixvfloat.dir/Users/marcelodearaujo/.pico-sdk/sdk/2.1.0/src/rp2_common/pico_printf/printf.c.o
 .text._vsnprintf
                0x100054ac      0xbc8 CMakeFiles/mandelbrot-fixvfloat.dir/Users/marcelodearaujo/.pico-sdk/sdk/2.1.0/src/rp2_common/pico_printf/printf.c.o
 .text.__wrap_sprintf
                0x10006074       0x2c CMakeFiles/mandelbrot-fixvfloat.dir/Users/marcelodearaujo/.pico-sdk/sdk/2.1.0/src/rp2_common/pico_printf/printf.c.o
                0x10006074                __wrap_sprintf
 .text.vfctprintf
                0x100060a0       0x20 CMakeFiles/mandelbrot-fixvfloat.dir/Users/marcelodearaujo/.pico-sdk/sdk/2.1.0/src/rp2_common/pico_printf/printf.c.o
                0x100060a0                vfctprintf
 .text.weak_raw_vprintf
                0x100060c0       0x30 CMakeFiles/mandelbrot-fixvfloat.dir/Users/marcelodearaujo/.pico-sdk/sdk/2.1.0/src/rp2_common/pico_printf/printf.c.o
                0x100060c0                weak_raw_vprintf
 .text._exit    0x100060f0        0x4 CMakeFiles/mandelbrot-fixvfloat.dir/Users/marcelodearaujo/.pico-sdk/sdk/2.1.0/src/rp2_common/pico_clib_interface/newlib_interface.c.o
                0x100060f0                _exit
 .text.exit     0x100060f4        0x8 CMakeFiles/mandelbrot-fixvfloat.dir/Users/marcelodearaujo/.pico-sdk/sdk/2.1.0/src/rp2_common/pico_clib_interface/newlib_interface.c.o
                0x100060f4                exit
 .text.runtime_init
                0x100060fc       0x2c CMakeFiles/mandelbrot-fixvfloat.dir/Users/marcelodearaujo/.pico-sdk/sdk/2.1.0/src/rp2_common/pico_clib_interface/newlib_interface.c.o
                0x100060fc                runtime_init
 .text.stdio_out_chars_no_crlf
                0x10006128       0x10 CMakeFiles/mandelbrot-fixvfloat.dir/Users/marcelodearaujo/.pico-sdk/sdk/2.1.0/src/rp2_common/pico_stdio/stdio.c.o
 .text.stdio_out_chars_crlf
                0x10006138       0x94 CMakeFiles/mandelbrot-fixvfloat.dir/Users/marcelodearaujo/.pico-sdk/sdk/2.1.0/src/rp2_common/pico_stdio/stdio.c.o
 .text.stdio_buffered_printer
                0x100061cc       0x64 CMakeFiles/mandelbrot-fixvfloat.dir/Users/marcelodearaujo/.pico-sdk/sdk/2.1.0/src/rp2_common/pico_stdio/stdio.c.o
 .text.stdio_put_string
                0x10006230      0x100 CMakeFiles/mandelbrot-fixvfloat.dir/Users/marcelodearaujo/.pico-sdk/sdk/2.1.0/src/rp2_common/pico_stdio/stdio.c.o
                0x10006230                stdio_put_string
 .text.stdio_set_driver_enabled
                0x10006330       0x30 CMakeFiles/mandelbrot-fixvfloat.dir/Users/marcelodearaujo/.pico-sdk/sdk/2.1.0/src/rp2_common/pico_stdio/stdio.c.o
                0x10006330                stdio_set_driver_enabled
 .text.stdio_init_all
                0x10006360        0x8 CMakeFiles/mandelbrot-fixvfloat.dir/Users/marcelodearaujo/.pico-sdk/sdk/2.1.0/src/rp2_common/pico_stdio/stdio.c.o
                0x10006360                stdio_init_all
 .text.__wrap_putchar
                0x10006368       0x98 CMakeFiles/mandelbrot-fixvfloat.dir/Users/marcelodearaujo/.pico-sdk/sdk/2.1.0/src/rp2_common/pico_stdio/stdio.c.o
                0x10006368                stdio_putchar
                0x10006368                __wrap_putchar
 .text.__wrap_puts
                0x10006400       0x3c CMakeFiles/mandelbrot-fixvfloat.dir/Users/marcelodearaujo/.pico-sdk/sdk/2.1.0/src/rp2_common/pico_stdio/stdio.c.o
                0x10006400                __wrap_puts
                0x10006400                stdio_puts
 .text.__wrap_vprintf
                0x1000643c       0xd4 CMakeFiles/mandelbrot-fixvfloat.dir/Users/marcelodearaujo/.pico-sdk/sdk/2.1.0/src/rp2_common/pico_stdio/stdio.c.o
                0x1000643c                __wrap_vprintf
                0x1000643c                stdio_vprintf
 .text.__wrap_printf
                0x10006510       0x18 CMakeFiles/mandelbrot-fixvfloat.dir/Users/marcelodearaujo/.pico-sdk/sdk/2.1.0/src/rp2_common/pico_stdio/stdio.c.o
                0x10006510                stdio_printf
                0x10006510                __wrap_printf
 .text.resetd_init
                0x10006528        0x4 CMakeFiles/mandelbrot-fixvfloat.dir/Users/marcelodearaujo/.pico-sdk/sdk/2.1.0/src/rp2_common/pico_stdio_usb/reset_interface.c.o
 .text.resetd_reset
                0x1000652c        0xc CMakeFiles/mandelbrot-fixvfloat.dir/Users/marcelodearaujo/.pico-sdk/sdk/2.1.0/src/rp2_common/pico_stdio_usb/reset_interface.c.o
 .text.resetd_open
                0x10006538       0x28 CMakeFiles/mandelbrot-fixvfloat.dir/Users/marcelodearaujo/.pico-sdk/sdk/2.1.0/src/rp2_common/pico_stdio_usb/reset_interface.c.o
 .text.resetd_xfer_cb
                0x10006560        0x4 CMakeFiles/mandelbrot-fixvfloat.dir/Users/marcelodearaujo/.pico-sdk/sdk/2.1.0/src/rp2_common/pico_stdio_usb/reset_interface.c.o
 .text.resetd_control_xfer_cb
                0x10006564       0x5c CMakeFiles/mandelbrot-fixvfloat.dir/Users/marcelodearaujo/.pico-sdk/sdk/2.1.0/src/rp2_common/pico_stdio_usb/reset_interface.c.o
 .text.tud_descriptor_bos_cb
                0x100065c0        0x8 CMakeFiles/mandelbrot-fixvfloat.dir/Users/marcelodearaujo/.pico-sdk/sdk/2.1.0/src/rp2_common/pico_stdio_usb/reset_interface.c.o
                0x100065c0                tud_descriptor_bos_cb
 .text.tud_vendor_control_xfer_cb
                0x100065c8       0x34 CMakeFiles/mandelbrot-fixvfloat.dir/Users/marcelodearaujo/.pico-sdk/sdk/2.1.0/src/rp2_common/pico_stdio_usb/reset_interface.c.o
                0x100065c8                tud_vendor_control_xfer_cb
 .text.usbd_app_driver_get_cb
                0x100065fc        0xc CMakeFiles/mandelbrot-fixvfloat.dir/Users/marcelodearaujo/.pico-sdk/sdk/2.1.0/src/rp2_common/pico_stdio_usb/reset_interface.c.o
                0x100065fc                usbd_app_driver_get_cb
 .text.tud_cdc_line_coding_cb
                0x10006608       0x2c CMakeFiles/mandelbrot-fixvfloat.dir/Users/marcelodearaujo/.pico-sdk/sdk/2.1.0/src/rp2_common/pico_stdio_usb/reset_interface.c.o
                0x10006608                tud_cdc_line_coding_cb
 .text.stdio_usb_set_chars_available_callback
                0x10006634       0x14 CMakeFiles/mandelbrot-fixvfloat.dir/Users/marcelodearaujo/.pico-sdk/sdk/2.1.0/src/rp2_common/pico_stdio_usb/stdio_usb.c.o
                0x10006634                stdio_usb_set_chars_available_callback
 .text.usb_irq  0x10006648       0x10 CMakeFiles/mandelbrot-fixvfloat.dir/Users/marcelodearaujo/.pico-sdk/sdk/2.1.0/src/rp2_common/pico_stdio_usb/stdio_usb.c.o
 .text.timer_task
                0x10006658       0x64 CMakeFiles/mandelbrot-fixvfloat.dir/Users/marcelodearaujo/.pico-sdk/sdk/2.1.0/src/rp2_common/pico_stdio_usb/stdio_usb.c.o
 .text.stdio_usb_in_chars
                0x100066bc       0x90 CMakeFiles/mandelbrot-fixvfloat.dir/Users/marcelodearaujo/.pico-sdk/sdk/2.1.0/src/rp2_common/pico_stdio_usb/stdio_usb.c.o
                0x100066bc                stdio_usb_in_chars
 .text.stdio_usb_out_flush
                0x1000674c       0x50 CMakeFiles/mandelbrot-fixvfloat.dir/Users/marcelodearaujo/.pico-sdk/sdk/2.1.0/src/rp2_common/pico_stdio_usb/stdio_usb.c.o
 .text.stdio_usb_out_chars
                0x1000679c      0x104 CMakeFiles/mandelbrot-fixvfloat.dir/Users/marcelodearaujo/.pico-sdk/sdk/2.1.0/src/rp2_common/pico_stdio_usb/stdio_usb.c.o
 .text.low_priority_worker_irq
                0x100068a0       0xcc CMakeFiles/mandelbrot-fixvfloat.dir/Users/marcelodearaujo/.pico-sdk/sdk/2.1.0/src/rp2_common/pico_stdio_usb/stdio_usb.c.o
 .text.stdio_usb_init
                0x1000696c       0xe8 CMakeFiles/mandelbrot-fixvfloat.dir/Users/marcelodearaujo/.pico-sdk/sdk/2.1.0/src/rp2_common/pico_stdio_usb/stdio_usb.c.o
                0x1000696c                stdio_usb_init
 .text.tud_descriptor_device_cb
                0x10006a54        0x8 CMakeFiles/mandelbrot-fixvfloat.dir/Users/marcelodearaujo/.pico-sdk/sdk/2.1.0/src/rp2_common/pico_stdio_usb/stdio_usb_descriptors.c.o
                0x10006a54                tud_descriptor_device_cb
 .text.tud_descriptor_configuration_cb
                0x10006a5c        0x8 CMakeFiles/mandelbrot-fixvfloat.dir/Users/marcelodearaujo/.pico-sdk/sdk/2.1.0/src/rp2_common/pico_stdio_usb/stdio_usb_descriptors.c.o
                0x10006a5c                tud_descriptor_configuration_cb
 .text.tud_descriptor_string_cb
                0x10006a64       0x78 CMakeFiles/mandelbrot-fixvfloat.dir/Users/marcelodearaujo/.pico-sdk/sdk/2.1.0/src/rp2_common/pico_stdio_usb/stdio_usb_descriptors.c.o
                0x10006a64                tud_descriptor_string_cb
 .text.startup._retrieve_unique_id_on_boot
                0x10006adc       0x10 CMakeFiles/mandelbrot-fixvfloat.dir/Users/marcelodearaujo/.pico-sdk/sdk/2.1.0/src/rp2_common/pico_unique_id/unique_id.c.o
 .text.pico_get_unique_board_id_string
                0x10006aec      0x1a8 CMakeFiles/mandelbrot-fixvfloat.dir/Users/marcelodearaujo/.pico-sdk/sdk/2.1.0/src/rp2_common/pico_unique_id/unique_id.c.o
                0x10006aec                pico_get_unique_board_id_string
 .text.flash_get_unique_id
                0x10006c94       0x3c CMakeFiles/mandelbrot-fixvfloat.dir/Users/marcelodearaujo/.pico-sdk/sdk/2.1.0/src/rp2_common/hardware_flash/flash.c.o
                0x10006c94                flash_get_unique_id
 .text.dcd_init
                0x10006cd0       0x8c CMakeFiles/mandelbrot-fixvfloat.dir/Users/marcelodearaujo/.pico-sdk/sdk/2.1.0/lib/tinyusb/src/portable/raspberrypi/rp2040/dcd_rp2040.c.o
                0x10006cd0                dcd_init
 .text.dcd_int_enable
                0x10006d5c        0xc CMakeFiles/mandelbrot-fixvfloat.dir/Users/marcelodearaujo/.pico-sdk/sdk/2.1.0/lib/tinyusb/src/portable/raspberrypi/rp2040/dcd_rp2040.c.o
                0x10006d5c                dcd_int_enable
 .text.dcd_set_address
                0x10006d68       0x14 CMakeFiles/mandelbrot-fixvfloat.dir/Users/marcelodearaujo/.pico-sdk/sdk/2.1.0/lib/tinyusb/src/portable/raspberrypi/rp2040/dcd_rp2040.c.o
                0x10006d68                dcd_set_address
 .text.dcd_sof_enable
                0x10006d7c       0x1c CMakeFiles/mandelbrot-fixvfloat.dir/Users/marcelodearaujo/.pico-sdk/sdk/2.1.0/lib/tinyusb/src/portable/raspberrypi/rp2040/dcd_rp2040.c.o
                0x10006d7c                dcd_sof_enable
 .text.dcd_edpt0_status_complete
                0x10006d98       0x1c CMakeFiles/mandelbrot-fixvfloat.dir/Users/marcelodearaujo/.pico-sdk/sdk/2.1.0/lib/tinyusb/src/portable/raspberrypi/rp2040/dcd_rp2040.c.o
                0x10006d98                dcd_edpt0_status_complete
 .text.dcd_edpt_open
                0x10006db4      0x108 CMakeFiles/mandelbrot-fixvfloat.dir/Users/marcelodearaujo/.pico-sdk/sdk/2.1.0/lib/tinyusb/src/portable/raspberrypi/rp2040/dcd_rp2040.c.o
                0x10006db4                dcd_edpt_open
 .text.dcd_edpt_close_all
                0x10006ebc        0x8 CMakeFiles/mandelbrot-fixvfloat.dir/Users/marcelodearaujo/.pico-sdk/sdk/2.1.0/lib/tinyusb/src/portable/raspberrypi/rp2040/dcd_rp2040.c.o
                0x10006ebc                dcd_edpt_close_all
 .text.dcd_edpt_xfer
                0x10006ec4       0x24 CMakeFiles/mandelbrot-fixvfloat.dir/Users/marcelodearaujo/.pico-sdk/sdk/2.1.0/lib/tinyusb/src/portable/raspberrypi/rp2040/dcd_rp2040.c.o
                0x10006ec4                dcd_edpt_xfer
 .text.dcd_edpt_stall
                0x10006ee8       0x34 CMakeFiles/mandelbrot-fixvfloat.dir/Users/marcelodearaujo/.pico-sdk/sdk/2.1.0/lib/tinyusb/src/portable/raspberrypi/rp2040/dcd_rp2040.c.o
                0x10006ee8                dcd_edpt_stall
 .text.dcd_edpt_clear_stall
                0x10006f1c       0x30 CMakeFiles/mandelbrot-fixvfloat.dir/Users/marcelodearaujo/.pico-sdk/sdk/2.1.0/lib/tinyusb/src/portable/raspberrypi/rp2040/dcd_rp2040.c.o
                0x10006f1c                dcd_edpt_clear_stall
 .text.rp2040_usb_init
                0x10006f4c       0x40 CMakeFiles/mandelbrot-fixvfloat.dir/Users/marcelodearaujo/.pico-sdk/sdk/2.1.0/lib/tinyusb/src/portable/raspberrypi/rp2040/rp2040_usb.c.o
                0x10006f4c                rp2040_usb_init
 .text.hw_endpoint_xfer_start
                0x10006f8c       0x40 CMakeFiles/mandelbrot-fixvfloat.dir/Users/marcelodearaujo/.pico-sdk/sdk/2.1.0/lib/tinyusb/src/portable/raspberrypi/rp2040/rp2040_usb.c.o
                0x10006f8c                hw_endpoint_xfer_start
 .text.tud_event_hook_cb
                0x10006fcc        0x4 CMakeFiles/mandelbrot-fixvfloat.dir/Users/marcelodearaujo/.pico-sdk/sdk/2.1.0/lib/tinyusb/src/device/usbd.c.o
                0x10006fcc                tud_event_hook_cb
 .text.tud_sof_cb
                0x10006fd0        0x4 CMakeFiles/mandelbrot-fixvfloat.dir/Users/marcelodearaujo/.pico-sdk/sdk/2.1.0/lib/tinyusb/src/device/usbd.c.o
                0x10006fd0                tud_sof_cb
 .text.tud_descriptor_device_qualifier_cb
                0x10006fd4        0x4 CMakeFiles/mandelbrot-fixvfloat.dir/Users/marcelodearaujo/.pico-sdk/sdk/2.1.0/lib/tinyusb/src/device/usbd.c.o
                0x10006fd4                tud_descriptor_device_qualifier_cb
 .text.tud_descriptor_other_speed_configuration_cb
                0x10006fd8        0x4 CMakeFiles/mandelbrot-fixvfloat.dir/Users/marcelodearaujo/.pico-sdk/sdk/2.1.0/lib/tinyusb/src/device/usbd.c.o
                0x10006fd8                tud_descriptor_other_speed_configuration_cb
 .text.tud_mount_cb
                0x10006fdc        0x4 CMakeFiles/mandelbrot-fixvfloat.dir/Users/marcelodearaujo/.pico-sdk/sdk/2.1.0/lib/tinyusb/src/device/usbd.c.o
                0x10006fdc                tud_mount_cb
 .text.tud_umount_cb
                0x10006fe0        0x4 CMakeFiles/mandelbrot-fixvfloat.dir/Users/marcelodearaujo/.pico-sdk/sdk/2.1.0/lib/tinyusb/src/device/usbd.c.o
                0x10006fe0                tud_umount_cb
 .text.tud_suspend_cb
                0x10006fe4        0x4 CMakeFiles/mandelbrot-fixvfloat.dir/Users/marcelodearaujo/.pico-sdk/sdk/2.1.0/lib/tinyusb/src/device/usbd.c.o
                0x10006fe4                tud_suspend_cb
 .text.tud_resume_cb
                0x10006fe8        0x4 CMakeFiles/mandelbrot-fixvfloat.dir/Users/marcelodearaujo/.pico-sdk/sdk/2.1.0/lib/tinyusb/src/device/usbd.c.o
                0x10006fe8                tud_resume_cb
 .text.tud_mounted
                0x10006fec       0x10 CMakeFiles/mandelbrot-fixvfloat.dir/Users/marcelodearaujo/.pico-sdk/sdk/2.1.0/lib/tinyusb/src/device/usbd.c.o
                0x10006fec                tud_mounted
 .text.tud_suspended
                0x10006ffc       0x10 CMakeFiles/mandelbrot-fixvfloat.dir/Users/marcelodearaujo/.pico-sdk/sdk/2.1.0/lib/tinyusb/src/device/usbd.c.o
                0x10006ffc                tud_suspended
 .text.tud_init
                0x1000700c       0xe4 CMakeFiles/mandelbrot-fixvfloat.dir/Users/marcelodearaujo/.pico-sdk/sdk/2.1.0/lib/tinyusb/src/device/usbd.c.o
                0x1000700c                tud_init
 .text.tud_task_ext
                0x100070f0      0x800 CMakeFiles/mandelbrot-fixvfloat.dir/Users/marcelodearaujo/.pico-sdk/sdk/2.1.0/lib/tinyusb/src/device/usbd.c.o
                0x100070f0                tud_task_ext
 .text.usbd_open_edpt_pair
                0x100078f0       0x9c CMakeFiles/mandelbrot-fixvfloat.dir/Users/marcelodearaujo/.pico-sdk/sdk/2.1.0/lib/tinyusb/src/device/usbd.c.o
                0x100078f0                usbd_open_edpt_pair
 .text.usbd_edpt_open
                0x1000798c       0x34 CMakeFiles/mandelbrot-fixvfloat.dir/Users/marcelodearaujo/.pico-sdk/sdk/2.1.0/lib/tinyusb/src/device/usbd.c.o
                0x1000798c                usbd_edpt_open
 .text.usbd_edpt_claim
                0x100079c0       0x28 CMakeFiles/mandelbrot-fixvfloat.dir/Users/marcelodearaujo/.pico-sdk/sdk/2.1.0/lib/tinyusb/src/device/usbd.c.o
                0x100079c0                usbd_edpt_claim
 .text.usbd_edpt_release
                0x100079e8       0x28 CMakeFiles/mandelbrot-fixvfloat.dir/Users/marcelodearaujo/.pico-sdk/sdk/2.1.0/lib/tinyusb/src/device/usbd.c.o
                0x100079e8                usbd_edpt_release
 .text.usbd_edpt_xfer
                0x10007a10       0x4c CMakeFiles/mandelbrot-fixvfloat.dir/Users/marcelodearaujo/.pico-sdk/sdk/2.1.0/lib/tinyusb/src/device/usbd.c.o
                0x10007a10                usbd_edpt_xfer
 .text.tud_control_status
                0x10007a5c       0x2c CMakeFiles/mandelbrot-fixvfloat.dir/Users/marcelodearaujo/.pico-sdk/sdk/2.1.0/lib/tinyusb/src/device/usbd_control.c.o
                0x10007a5c                tud_control_status
 .text.tud_control_xfer
                0x10007a88       0xac CMakeFiles/mandelbrot-fixvfloat.dir/Users/marcelodearaujo/.pico-sdk/sdk/2.1.0/lib/tinyusb/src/device/usbd_control.c.o
                0x10007a88                tud_control_xfer
 .text.usbd_control_reset
                0x10007b34       0x14 CMakeFiles/mandelbrot-fixvfloat.dir/Users/marcelodearaujo/.pico-sdk/sdk/2.1.0/lib/tinyusb/src/device/usbd_control.c.o
                0x10007b34                usbd_control_reset
 .text.usbd_control_set_complete_callback
                0x10007b48        0xc CMakeFiles/mandelbrot-fixvfloat.dir/Users/marcelodearaujo/.pico-sdk/sdk/2.1.0/lib/tinyusb/src/device/usbd_control.c.o
                0x10007b48                usbd_control_set_complete_callback
 .text.usbd_control_set_request
                0x10007b54       0x1c CMakeFiles/mandelbrot-fixvfloat.dir/Users/marcelodearaujo/.pico-sdk/sdk/2.1.0/lib/tinyusb/src/device/usbd_control.c.o
                0x10007b54                usbd_control_set_request
 .text.usbd_control_xfer_cb
                0x10007b70       0xec CMakeFiles/mandelbrot-fixvfloat.dir/Users/marcelodearaujo/.pico-sdk/sdk/2.1.0/lib/tinyusb/src/device/usbd_control.c.o
                0x10007b70                usbd_control_xfer_cb
 .text._prep_out_transaction.isra.0
                0x10007c5c       0x5c CMakeFiles/mandelbrot-fixvfloat.dir/Users/marcelodearaujo/.pico-sdk/sdk/2.1.0/lib/tinyusb/src/class/cdc/cdc_device.c.o
 .text.tud_cdc_n_connected
                0x10007cb8       0x30 CMakeFiles/mandelbrot-fixvfloat.dir/Users/marcelodearaujo/.pico-sdk/sdk/2.1.0/lib/tinyusb/src/class/cdc/cdc_device.c.o
                0x10007cb8                tud_cdc_n_connected
 .text.tud_cdc_n_available
                0x10007ce8       0x18 CMakeFiles/mandelbrot-fixvfloat.dir/Users/marcelodearaujo/.pico-sdk/sdk/2.1.0/lib/tinyusb/src/class/cdc/cdc_device.c.o
                0x10007ce8                tud_cdc_n_available
 .text.tud_cdc_n_read
                0x10007d00       0x98 CMakeFiles/mandelbrot-fixvfloat.dir/Users/marcelodearaujo/.pico-sdk/sdk/2.1.0/lib/tinyusb/src/class/cdc/cdc_device.c.o
                0x10007d00                tud_cdc_n_read
 .text.tud_cdc_n_write_flush
                0x10007d98       0x78 CMakeFiles/mandelbrot-fixvfloat.dir/Users/marcelodearaujo/.pico-sdk/sdk/2.1.0/lib/tinyusb/src/class/cdc/cdc_device.c.o
                0x10007d98                tud_cdc_n_write_flush
 .text.tud_cdc_n_write
                0x10007e10       0x40 CMakeFiles/mandelbrot-fixvfloat.dir/Users/marcelodearaujo/.pico-sdk/sdk/2.1.0/lib/tinyusb/src/class/cdc/cdc_device.c.o
                0x10007e10                tud_cdc_n_write
 .text.tud_cdc_n_write_available
                0x10007e50       0x18 CMakeFiles/mandelbrot-fixvfloat.dir/Users/marcelodearaujo/.pico-sdk/sdk/2.1.0/lib/tinyusb/src/class/cdc/cdc_device.c.o
                0x10007e50                tud_cdc_n_write_available
 .text.cdcd_init
                0x10007e68       0x7c CMakeFiles/mandelbrot-fixvfloat.dir/Users/marcelodearaujo/.pico-sdk/sdk/2.1.0/lib/tinyusb/src/class/cdc/cdc_device.c.o
                0x10007e68                cdcd_init
 .text.cdcd_deinit
                0x10007ee4       0x34 CMakeFiles/mandelbrot-fixvfloat.dir/Users/marcelodearaujo/.pico-sdk/sdk/2.1.0/lib/tinyusb/src/class/cdc/cdc_device.c.o
                0x10007ee4                cdcd_deinit
 .text.cdcd_reset
                0x10007f18       0x4c CMakeFiles/mandelbrot-fixvfloat.dir/Users/marcelodearaujo/.pico-sdk/sdk/2.1.0/lib/tinyusb/src/class/cdc/cdc_device.c.o
                0x10007f18                cdcd_reset
 .text.cdcd_open
                0x10007f64       0xb0 CMakeFiles/mandelbrot-fixvfloat.dir/Users/marcelodearaujo/.pico-sdk/sdk/2.1.0/lib/tinyusb/src/class/cdc/cdc_device.c.o
                0x10007f64                cdcd_open
 .text.cdcd_control_xfer_cb
                0x10008014       0xe4 CMakeFiles/mandelbrot-fixvfloat.dir/Users/marcelodearaujo/.pico-sdk/sdk/2.1.0/lib/tinyusb/src/class/cdc/cdc_device.c.o
                0x10008014                cdcd_control_xfer_cb
 .text.cdcd_xfer_cb
                0x100080f8      0x100 CMakeFiles/mandelbrot-fixvfloat.dir/Users/marcelodearaujo/.pico-sdk/sdk/2.1.0/lib/tinyusb/src/class/cdc/cdc_device.c.o
                0x100080f8                cdcd_xfer_cb
 .text.vendord_init
                0x100081f8       0x5c CMakeFiles/mandelbrot-fixvfloat.dir/Users/marcelodearaujo/.pico-sdk/sdk/2.1.0/lib/tinyusb/src/class/vendor/vendor_device.c.o
                0x100081f8                vendord_init
 .text.vendord_deinit
                0x10008254       0x1c CMakeFiles/mandelbrot-fixvfloat.dir/Users/marcelodearaujo/.pico-sdk/sdk/2.1.0/lib/tinyusb/src/class/vendor/vendor_device.c.o
                0x10008254                vendord_deinit
 .text.vendord_reset
                0x10008270       0x20 CMakeFiles/mandelbrot-fixvfloat.dir/Users/marcelodearaujo/.pico-sdk/sdk/2.1.0/lib/tinyusb/src/class/vendor/vendor_device.c.o
                0x10008270                vendord_reset
 .text.vendord_open
                0x10008290      0x138 CMakeFiles/mandelbrot-fixvfloat.dir/Users/marcelodearaujo/.pico-sdk/sdk/2.1.0/lib/tinyusb/src/class/vendor/vendor_device.c.o
                0x10008290                vendord_open
 .text.vendord_xfer_cb
                0x100083c8       0x9c CMakeFiles/mandelbrot-fixvfloat.dir/Users/marcelodearaujo/.pico-sdk/sdk/2.1.0/lib/tinyusb/src/class/vendor/vendor_device.c.o
                0x100083c8                vendord_xfer_cb
 .text.tusb_init
                0x10008464        0xc CMakeFiles/mandelbrot-fixvfloat.dir/Users/marcelodearaujo/.pico-sdk/sdk/2.1.0/lib/tinyusb/src/tusb.c.o
                0x10008464                tusb_init
 .text.tu_edpt_claim
                0x10008470       0x50 CMakeFiles/mandelbrot-fixvfloat.dir/Users/marcelodearaujo/.pico-sdk/sdk/2.1.0/lib/tinyusb/src/tusb.c.o
                0x10008470                tu_edpt_claim
 .text.tu_edpt_release
                0x100084c0       0x38 CMakeFiles/mandelbrot-fixvfloat.dir/Users/marcelodearaujo/.pico-sdk/sdk/2.1.0/lib/tinyusb/src/tusb.c.o
                0x100084c0                tu_edpt_release
 .text.tu_edpt_validate
                0x100084f8       0x7c CMakeFiles/mandelbrot-fixvfloat.dir/Users/marcelodearaujo/.pico-sdk/sdk/2.1.0/lib/tinyusb/src/tusb.c.o
                0x100084f8                tu_edpt_validate
 .text.tu_edpt_bind_driver
                0x10008574       0x34 CMakeFiles/mandelbrot-fixvfloat.dir/Users/marcelodearaujo/.pico-sdk/sdk/2.1.0/lib/tinyusb/src/tusb.c.o
                0x10008574                tu_edpt_bind_driver
 .text.tu_edpt_stream_init
                0x100085a8       0x6c CMakeFiles/mandelbrot-fixvfloat.dir/Users/marcelodearaujo/.pico-sdk/sdk/2.1.0/lib/tinyusb/src/tusb.c.o
                0x100085a8                tu_edpt_stream_init
 .text.tu_edpt_stream_deinit
                0x10008614        0x4 CMakeFiles/mandelbrot-fixvfloat.dir/Users/marcelodearaujo/.pico-sdk/sdk/2.1.0/lib/tinyusb/src/tusb.c.o
                0x10008614                tu_edpt_stream_deinit
 .text.tu_edpt_stream_write_zlp_if_needed
                0x10008618       0x68 CMakeFiles/mandelbrot-fixvfloat.dir/Users/marcelodearaujo/.pico-sdk/sdk/2.1.0/lib/tinyusb/src/tusb.c.o
                0x10008618                tu_edpt_stream_write_zlp_if_needed
 .text.tu_edpt_stream_write_xfer
                0x10008680       0x64 CMakeFiles/mandelbrot-fixvfloat.dir/Users/marcelodearaujo/.pico-sdk/sdk/2.1.0/lib/tinyusb/src/tusb.c.o
                0x10008680                tu_edpt_stream_write_xfer
 .text.tu_edpt_stream_read_xfer
                0x100086e4       0xdc CMakeFiles/mandelbrot-fixvfloat.dir/Users/marcelodearaujo/.pico-sdk/sdk/2.1.0/lib/tinyusb/src/tusb.c.o
                0x100086e4                tu_edpt_stream_read_xfer
 .text.tu_fifo_config
                0x100087c0       0x6c CMakeFiles/mandelbrot-fixvfloat.dir/Users/marcelodearaujo/.pico-sdk/sdk/2.1.0/lib/tinyusb/src/common/tusb_fifo.c.o
                0x100087c0                tu_fifo_config
 .text.tu_fifo_count
                0x1000882c       0x2c CMakeFiles/mandelbrot-fixvfloat.dir/Users/marcelodearaujo/.pico-sdk/sdk/2.1.0/lib/tinyusb/src/common/tusb_fifo.c.o
                0x1000882c                tu_fifo_count
 .text.tu_fifo_empty
                0x10008858       0x10 CMakeFiles/mandelbrot-fixvfloat.dir/Users/marcelodearaujo/.pico-sdk/sdk/2.1.0/lib/tinyusb/src/common/tusb_fifo.c.o
                0x10008858                tu_fifo_empty
 .text.tu_fifo_remaining
                0x10008868       0x2c CMakeFiles/mandelbrot-fixvfloat.dir/Users/marcelodearaujo/.pico-sdk/sdk/2.1.0/lib/tinyusb/src/common/tusb_fifo.c.o
                0x10008868                tu_fifo_remaining
 .text.tu_fifo_read
                0x10008894       0x9c CMakeFiles/mandelbrot-fixvfloat.dir/Users/marcelodearaujo/.pico-sdk/sdk/2.1.0/lib/tinyusb/src/common/tusb_fifo.c.o
                0x10008894                tu_fifo_read
 .text.tu_fifo_read_n
                0x10008930       0xe8 CMakeFiles/mandelbrot-fixvfloat.dir/Users/marcelodearaujo/.pico-sdk/sdk/2.1.0/lib/tinyusb/src/common/tusb_fifo.c.o
                0x10008930                tu_fifo_read_n
 .text.tu_fifo_write
                0x10008a18       0xa8 CMakeFiles/mandelbrot-fixvfloat.dir/Users/marcelodearaujo/.pico-sdk/sdk/2.1.0/lib/tinyusb/src/common/tusb_fifo.c.o
                0x10008a18                tu_fifo_write
 .text.tu_fifo_write_n
                0x10008ac0      0x178 CMakeFiles/mandelbrot-fixvfloat.dir/Users/marcelodearaujo/.pico-sdk/sdk/2.1.0/lib/tinyusb/src/common/tusb_fifo.c.o
                0x10008ac0                tu_fifo_write_n
 .text.tu_fifo_clear
                0x10008c38       0x40 CMakeFiles/mandelbrot-fixvfloat.dir/Users/marcelodearaujo/.pico-sdk/sdk/2.1.0/lib/tinyusb/src/common/tusb_fifo.c.o
                0x10008c38                tu_fifo_clear
 .text.tu_fifo_set_overwritable
                0x10008c78       0x48 CMakeFiles/mandelbrot-fixvfloat.dir/Users/marcelodearaujo/.pico-sdk/sdk/2.1.0/lib/tinyusb/src/common/tusb_fifo.c.o
                0x10008c78                tu_fifo_set_overwritable
 .text.startup.boot_double_tap_check
                0x10008cc0       0x5c CMakeFiles/mandelbrot-fixvfloat.dir/Users/marcelodearaujo/.pico-sdk/sdk/2.1.0/src/rp2_common/pico_bootsel_via_double_reset/pico_bootsel_via_double_reset.c.o
 .text.spi_init
                0x10008d1c      0x13c CMakeFiles/mandelbrot-fixvfloat.dir/Users/marcelodearaujo/.pico-sdk/sdk/2.1.0/src/rp2_common/hardware_spi/spi.c.o
                0x10008d1c                spi_init
 .text.pio_add_program
                0x10008e58      0x104 CMakeFiles/mandelbrot-fixvfloat.dir/Users/marcelodearaujo/.pico-sdk/sdk/2.1.0/src/rp2_common/hardware_pio/pio.c.o
                0x10008e58                pio_add_program
 .text.pio_sm_set_consecutive_pindirs
                0x10008f5c       0xb4 CMakeFiles/mandelbrot-fixvfloat.dir/Users/marcelodearaujo/.pico-sdk/sdk/2.1.0/src/rp2_common/hardware_pio/pio.c.o
                0x10008f5c                pio_sm_set_consecutive_pindirs
 .text.pio_sm_init
                0x10009010       0x9c CMakeFiles/mandelbrot-fixvfloat.dir/Users/marcelodearaujo/.pico-sdk/sdk/2.1.0/src/rp2_common/hardware_pio/pio.c.o
                0x10009010                pio_sm_init
 .text.adc_init
                0x100090ac       0x38 CMakeFiles/mandelbrot-fixvfloat.dir/Users/marcelodearaujo/.pico-sdk/sdk/2.1.0/src/rp2_common/hardware_adc/adc.c.o
                0x100090ac                adc_init
 .text.strlen   0x100090e4       0x5c /Users/marcelodearaujo/.pico-sdk/toolchain/13_3_Rel1/bin/../lib/gcc/arm-none-eabi/13.3.1/../../../../arm-none-eabi/lib/thumb/v6-m/nofp/libg.a(libc_a-strlen-stub.o)
                0x100090e4                strlen
 *(.fini)
 .fini          0x10009140        0x4 /Users/marcelodearaujo/.pico-sdk/toolchain/13_3_Rel1/bin/../lib/gcc/arm-none-eabi/13.3.1/thumb/v6-m/nofp/crti.o
                0x10009140                _fini
 *fill*         0x10009144        0x4 
 .fini.__stub   0x10009148       0xd0 linker stubs
 *crtbegin.o(.ctors)
 *crtbegin?.o(.ctors)
 *(EXCLUDE_FILE(*crtend.o *crtend?.o) .ctors)
 *(SORT_BY_NAME(.ctors.*))
 *(.ctors)
 *crtbegin.o(.dtors)
 *crtbegin?.o(.dtors)
 *(EXCLUDE_FILE(*crtend.o *crtend?.o) .dtors)
 *(SORT_BY_NAME(.dtors.*))
 *(.dtors)
                0x10009218                        . = ALIGN (0x4)
                0x10009218                        PROVIDE (__preinit_array_start = .)
 *(SORT_BY_NAME(.preinit_array.*))
 .preinit_array.00100
                0x10009218        0x4 CMakeFiles/mandelbrot-fixvfloat.dir/Users/marcelodearaujo/.pico-sdk/sdk/2.1.0/src/rp2_common/pico_runtime_init/runtime_init.c.o
                0x10009218                __pre_init_runtime_init_early_resets
 .preinit_array.00101
                0x1000921c        0x4 CMakeFiles/mandelbrot-fixvfloat.dir/Users/marcelodearaujo/.pico-sdk/sdk/2.1.0/src/rp2_common/pico_runtime_init/runtime_init.c.o
                0x1000921c                __pre_init_runtime_init_usb_power_down
 .preinit_array.00275
                0x10009220        0x4 CMakeFiles/mandelbrot-fixvfloat.dir/Users/marcelodearaujo/.pico-sdk/sdk/2.1.0/src/rp2_common/pico_bit_ops/bit_ops_aeabi.S.o
 .preinit_array.00300
                0x10009224        0x4 CMakeFiles/mandelbrot-fixvfloat.dir/Users/marcelodearaujo/.pico-sdk/sdk/2.1.0/src/rp2_common/pico_mem_ops/mem_ops_aeabi.S.o
 .preinit_array.00350
                0x10009228        0x4 CMakeFiles/mandelbrot-fixvfloat.dir/Users/marcelodearaujo/.pico-sdk/sdk/2.1.0/src/rp2_common/pico_double/double_aeabi_rp2040.S.o
 .preinit_array.00350
                0x1000922c        0x4 CMakeFiles/mandelbrot-fixvfloat.dir/Users/marcelodearaujo/.pico-sdk/sdk/2.1.0/src/rp2_common/pico_float/float_aeabi_rp2040.S.o
 .preinit_array.00500
                0x10009230        0x4 CMakeFiles/mandelbrot-fixvfloat.dir/Users/marcelodearaujo/.pico-sdk/sdk/2.1.0/src/rp2_common/pico_runtime_init/runtime_init.c.o
                0x10009230                __pre_init_runtime_init_clocks
 .preinit_array.00600
                0x10009234        0x4 CMakeFiles/mandelbrot-fixvfloat.dir/Users/marcelodearaujo/.pico-sdk/sdk/2.1.0/src/rp2_common/pico_runtime_init/runtime_init.c.o
                0x10009234                __pre_init_runtime_init_post_clock_resets
 .preinit_array.00700
                0x10009238        0x4 CMakeFiles/mandelbrot-fixvfloat.dir/Users/marcelodearaujo/.pico-sdk/sdk/2.1.0/src/rp2_common/pico_runtime_init/runtime_init.c.o
                0x10009238                __pre_init_runtime_init_rp2040_gpio_ie_disable
 .preinit_array.01000
                0x1000923c        0x4 CMakeFiles/mandelbrot-fixvfloat.dir/Users/marcelodearaujo/.pico-sdk/sdk/2.1.0/src/rp2_common/pico_runtime_init/runtime_init.c.o
                0x1000923c                __pre_init_runtime_init_spin_locks_reset
 .preinit_array.01100
                0x10009240        0x4 CMakeFiles/mandelbrot-fixvfloat.dir/Users/marcelodearaujo/.pico-sdk/sdk/2.1.0/src/common/pico_sync/mutex.c.o
                0x10009240                __pre_init_runtime_init_mutex
 .preinit_array.10080
                0x10009244        0x4 CMakeFiles/mandelbrot-fixvfloat.dir/Users/marcelodearaujo/.pico-sdk/sdk/2.1.0/src/rp2_common/pico_runtime_init/runtime_init.c.o
                0x10009244                __pre_init_runtime_init_install_ram_vector_table
 .preinit_array.11000
                0x10009248        0x4 CMakeFiles/mandelbrot-fixvfloat.dir/Users/marcelodearaujo/.pico-sdk/sdk/2.1.0/src/common/pico_time/time.c.o
                0x10009248                __pre_init_runtime_init_default_alarm_pool
 .preinit_array.YYYYY
                0x1000924c        0x4 CMakeFiles/mandelbrot-fixvfloat.dir/Users/marcelodearaujo/.pico-sdk/sdk/2.1.0/src/rp2_common/pico_runtime/runtime.c.o
                0x1000924c                __pre_init_first_per_core_initializer
 .preinit_array.ZZZZZ.01200
                0x10009250        0x4 CMakeFiles/mandelbrot-fixvfloat.dir/Users/marcelodearaujo/.pico-sdk/sdk/2.1.0/src/rp2_common/hardware_irq/irq.c.o
                0x10009250                __pre_init_runtime_init_per_core_irq_priorities
 *(.preinit_array)
                0x10009254                        PROVIDE (__preinit_array_end = .)
                0x10009254                        . = ALIGN (0x4)
                0x10009254                        PROVIDE (__init_array_start = .)
 *(SORT_BY_NAME(.init_array.*))
 *(.init_array)
 .init_array    0x10009254        0x4 /Users/marcelodearaujo/.pico-sdk/toolchain/13_3_Rel1/bin/../lib/gcc/arm-none-eabi/13.3.1/thumb/v6-m/nofp/crtbegin.o
 .init_array    0x10009258        0x4 CMakeFiles/mandelbrot-fixvfloat.dir/Users/marcelodearaujo/.pico-sdk/sdk/2.1.0/src/rp2_common/pico_unique_id/unique_id.c.o
 .init_array    0x1000925c        0x4 CMakeFiles/mandelbrot-fixvfloat.dir/Users/marcelodearaujo/.pico-sdk/sdk/2.1.0/src/rp2_common/pico_bootsel_via_double_reset/pico_bootsel_via_double_reset.c.o
                0x10009260                        PROVIDE (__init_array_end = .)
                0x10009260                        . = ALIGN (0x4)
                [!provide]                        PROVIDE (__fini_array_start = .)
 *(SORT_BY_NAME(.fini_array.*))
 *(.fini_array)
                [!provide]                        PROVIDE (__fini_array_end = .)
 *(.eh_frame*)
 .eh_frame      0x10009260        0x0 /Users/marcelodearaujo/.pico-sdk/toolchain/13_3_Rel1/bin/../lib/gcc/arm-none-eabi/13.3.1/thumb/v6-m/nofp/crtbegin.o
                0x10009260                        . = ALIGN (0x4)

.glue_7         0x10009260        0x0
 .glue_7        0x10009260        0x0 linker stubs

.glue_7t        0x10009260        0x0
 .glue_7t       0x10009260        0x0 linker stubs

.vfp11_veneer   0x10009260        0x0
 .vfp11_veneer  0x10009260        0x0 linker stubs

.v4_bx          0x10009260        0x0
 .v4_bx         0x10009260        0x0 linker stubs

.iplt           0x10009260        0x0
 .iplt          0x10009260        0x0 /Users/marcelodearaujo/.pico-sdk/toolchain/13_3_Rel1/bin/../lib/gcc/arm-none-eabi/13.3.1/thumb/v6-m/nofp/crtbegin.o

.rodata         0x10009260      0xbb0
 *(EXCLUDE_FILE(*libm.a: *libc.a:*lib_a-mem*.o *libgcc.a:) .rodata*)
 .rodata.protothread_core_0.str1.4
                0x10009260      0x1a8 CMakeFiles/mandelbrot-fixvfloat.dir/mandelbrot_fixvfloat.c.o
                                 0x14 (size before relaxing)
 .rodata.font   0x10009408      0x4fb CMakeFiles/mandelbrot-fixvfloat.dir/vga_graphics.c.o
 *fill*         0x10009903        0x1 
 .rodata.rgb_program
                0x10009904        0x8 CMakeFiles/mandelbrot-fixvfloat.dir/vga_graphics.c.o
 .rodata.rgb_program_instructions
                0x1000990c       0x12 CMakeFiles/mandelbrot-fixvfloat.dir/vga_graphics.c.o
 *fill*         0x1000991e        0x2 
 .rodata.vsync_program
                0x10009920        0x8 CMakeFiles/mandelbrot-fixvfloat.dir/vga_graphics.c.o
 .rodata.vsync_program_instructions
                0x10009928       0x1c CMakeFiles/mandelbrot-fixvfloat.dir/vga_graphics.c.o
 .rodata.hsync_program
                0x10009944        0x8 CMakeFiles/mandelbrot-fixvfloat.dir/vga_graphics.c.o
 .rodata.hsync_program_instructions
                0x1000994c       0x12 CMakeFiles/mandelbrot-fixvfloat.dir/vga_graphics.c.o
 .rodata.panic.str1.4
                0x1000995e       0x12 CMakeFiles/mandelbrot-fixvfloat.dir/Users/marcelodearaujo/.pico-sdk/sdk/2.1.0/src/rp2_common/pico_platform_panic/panic.c.o
 .rodata.spin_lock_claim_unused.str1.4
                0x1000995e       0x1b CMakeFiles/mandelbrot-fixvfloat.dir/Users/marcelodearaujo/.pico-sdk/sdk/2.1.0/src/rp2_common/hardware_sync/sync.c.o
 .rodata.user_irq_claim_unused.str1.4
                0x1000995e       0x1b CMakeFiles/mandelbrot-fixvfloat.dir/Users/marcelodearaujo/.pico-sdk/sdk/2.1.0/src/rp2_common/hardware_irq/irq.c.o
 .rodata.timer_hardware_alarm_claim.str1.4
                0x1000995e       0x22 CMakeFiles/mandelbrot-fixvfloat.dir/Users/marcelodearaujo/.pico-sdk/sdk/2.1.0/src/rp2_common/hardware_timer/timer.c.o
 .rodata.hard_assertion_failure.str1.4
                0x1000995e        0xc CMakeFiles/mandelbrot-fixvfloat.dir/Users/marcelodearaujo/.pico-sdk/sdk/2.1.0/src/rp2_common/pico_runtime/runtime.c.o
 .rodata.str1.4
                0x1000995e       0x4c CMakeFiles/mandelbrot-fixvfloat.dir/Users/marcelodearaujo/.pico-sdk/sdk/2.1.0/src/rp2_common/pico_standard_binary_info/standard_binary_info.c.o
 *fill*         0x1000995e        0x2 
 .rodata.__bi_84
                0x10009960        0xc CMakeFiles/mandelbrot-fixvfloat.dir/Users/marcelodearaujo/.pico-sdk/sdk/2.1.0/src/rp2_common/pico_standard_binary_info/standard_binary_info.c.o
 .rodata.__bi_78
                0x1000996c        0xc CMakeFiles/mandelbrot-fixvfloat.dir/Users/marcelodearaujo/.pico-sdk/sdk/2.1.0/src/rp2_common/pico_standard_binary_info/standard_binary_info.c.o
 .rodata.__bi_54
                0x10009978        0xc CMakeFiles/mandelbrot-fixvfloat.dir/Users/marcelodearaujo/.pico-sdk/sdk/2.1.0/src/rp2_common/pico_standard_binary_info/standard_binary_info.c.o
 .rodata.__bi_48
                0x10009984        0xc CMakeFiles/mandelbrot-fixvfloat.dir/Users/marcelodearaujo/.pico-sdk/sdk/2.1.0/src/rp2_common/pico_standard_binary_info/standard_binary_info.c.o
 .rodata.__bi_42
                0x10009990        0xc CMakeFiles/mandelbrot-fixvfloat.dir/Users/marcelodearaujo/.pico-sdk/sdk/2.1.0/src/rp2_common/pico_standard_binary_info/standard_binary_info.c.o
 .rodata.__bi_34
                0x1000999c        0xc CMakeFiles/mandelbrot-fixvfloat.dir/Users/marcelodearaujo/.pico-sdk/sdk/2.1.0/src/rp2_common/pico_standard_binary_info/standard_binary_info.c.o
 .rodata.__bi_26
                0x100099a8        0xc CMakeFiles/mandelbrot-fixvfloat.dir/Users/marcelodearaujo/.pico-sdk/sdk/2.1.0/src/rp2_common/pico_standard_binary_info/standard_binary_info.c.o
 .rodata._ftoa.str1.4
                0x100099b4       0x15 CMakeFiles/mandelbrot-fixvfloat.dir/Users/marcelodearaujo/.pico-sdk/sdk/2.1.0/src/rp2_common/pico_printf/printf.c.o
 .rodata._vsnprintf
                0x100099b4      0x19c CMakeFiles/mandelbrot-fixvfloat.dir/Users/marcelodearaujo/.pico-sdk/sdk/2.1.0/src/rp2_common/pico_printf/printf.c.o
 .rodata.pow10.0
                0x10009b50       0x50 CMakeFiles/mandelbrot-fixvfloat.dir/Users/marcelodearaujo/.pico-sdk/sdk/2.1.0/src/rp2_common/pico_printf/printf.c.o
 .rodata.crlf_str.0
                0x10009ba0        0x2 CMakeFiles/mandelbrot-fixvfloat.dir/Users/marcelodearaujo/.pico-sdk/sdk/2.1.0/src/rp2_common/pico_stdio/stdio.c.o
 *fill*         0x10009ba2        0x2 
 .rodata._resetd_driver
                0x10009ba4       0x20 CMakeFiles/mandelbrot-fixvfloat.dir/Users/marcelodearaujo/.pico-sdk/sdk/2.1.0/src/rp2_common/pico_stdio_usb/reset_interface.c.o
 .rodata.desc_ms_os_20
                0x10009bc4       0xa6 CMakeFiles/mandelbrot-fixvfloat.dir/Users/marcelodearaujo/.pico-sdk/sdk/2.1.0/src/rp2_common/pico_stdio_usb/reset_interface.c.o
 *fill*         0x10009c6a        0x2 
 .rodata.desc_bos
                0x10009c6c       0x21 CMakeFiles/mandelbrot-fixvfloat.dir/Users/marcelodearaujo/.pico-sdk/sdk/2.1.0/src/rp2_common/pico_stdio_usb/reset_interface.c.o
                0x10009c6c                desc_bos
 .rodata.str1.4
                0x10009c8d       0x13 CMakeFiles/mandelbrot-fixvfloat.dir/Users/marcelodearaujo/.pico-sdk/sdk/2.1.0/src/rp2_common/pico_stdio_usb/stdio_usb.c.o
 *fill*         0x10009c8d        0x3 
 .rodata.__bi_197.0
                0x10009c90        0xc CMakeFiles/mandelbrot-fixvfloat.dir/Users/marcelodearaujo/.pico-sdk/sdk/2.1.0/src/rp2_common/pico_stdio_usb/stdio_usb.c.o
 .rodata.str1.4
                0x10009c9c       0x2a CMakeFiles/mandelbrot-fixvfloat.dir/Users/marcelodearaujo/.pico-sdk/sdk/2.1.0/src/rp2_common/pico_stdio_usb/stdio_usb_descriptors.c.o
 .rodata.usbd_desc_str
                0x10009c9c       0x18 CMakeFiles/mandelbrot-fixvfloat.dir/Users/marcelodearaujo/.pico-sdk/sdk/2.1.0/src/rp2_common/pico_stdio_usb/stdio_usb_descriptors.c.o
 .rodata.usbd_desc_cfg
                0x10009cb4       0x54 CMakeFiles/mandelbrot-fixvfloat.dir/Users/marcelodearaujo/.pico-sdk/sdk/2.1.0/src/rp2_common/pico_stdio_usb/stdio_usb_descriptors.c.o
 .rodata.usbd_desc_device
                0x10009d08       0x12 CMakeFiles/mandelbrot-fixvfloat.dir/Users/marcelodearaujo/.pico-sdk/sdk/2.1.0/src/rp2_common/pico_stdio_usb/stdio_usb_descriptors.c.o
 .rodata.str1.4
                0x10009d1a       0x14 CMakeFiles/mandelbrot-fixvfloat.dir/Users/marcelodearaujo/.pico-sdk/sdk/2.1.0/lib/tinyusb/src/portable/raspberrypi/rp2040/dcd_rp2040.c.o
 .rodata.str1.4
                0x10009d1a       0x48 CMakeFiles/mandelbrot-fixvfloat.dir/Users/marcelodearaujo/.pico-sdk/sdk/2.1.0/lib/tinyusb/src/portable/raspberrypi/rp2040/rp2040_usb.c.o
 *fill*         0x10009d1a        0x2 
 .rodata.tud_task_ext
                0x10009d1c       0x8c CMakeFiles/mandelbrot-fixvfloat.dir/Users/marcelodearaujo/.pico-sdk/sdk/2.1.0/lib/tinyusb/src/device/usbd.c.o
 .rodata        0x10009da8       0x1c CMakeFiles/mandelbrot-fixvfloat.dir/Users/marcelodearaujo/.pico-sdk/sdk/2.1.0/lib/tinyusb/src/device/usbd.c.o
 .rodata._usbd_driver
                0x10009dc4       0x40 CMakeFiles/mandelbrot-fixvfloat.dir/Users/marcelodearaujo/.pico-sdk/sdk/2.1.0/lib/tinyusb/src/device/usbd.c.o
 .rodata.str1.4
                0x10009e04       0x18 CMakeFiles/mandelbrot-fixvfloat.dir/Users/marcelodearaujo/.pico-sdk/sdk/2.1.0/src/rp2_common/pico_bootsel_via_double_reset/pico_bootsel_via_double_reset.c.o
 .rodata.__bi_50
                0x10009e04        0xc CMakeFiles/mandelbrot-fixvfloat.dir/Users/marcelodearaujo/.pico-sdk/sdk/2.1.0/src/rp2_common/pico_bootsel_via_double_reset/pico_bootsel_via_double_reset.c.o
                0x10009e1c                        . = ALIGN (0x4)
 *(SORT_BY_ALIGNMENT(SORT_BY_NAME(.flashdata*)))
                0x10009e1c                        . = ALIGN (0x4)

.ARM.extab
 *(.ARM.extab* .gnu.linkonce.armextab.*)
                0x10009e10                        __exidx_start = .

.ARM.exidx
 *(.ARM.exidx* .gnu.linkonce.armexidx.*)
                0x10009e10                        __exidx_end = .
                0x10009e1c                        . = ALIGN (0x4)
                0x10009e10                        __binary_info_start = .

.binary_info    0x10009e10       0x24
 *(.binary_info.keep.*)
 .binary_info.keep.__bi_ptr84
                0x10009e10        0x4 CMakeFiles/mandelbrot-fixvfloat.dir/Users/marcelodearaujo/.pico-sdk/sdk/2.1.0/src/rp2_common/pico_standard_binary_info/standard_binary_info.c.o
 .binary_info.keep.__bi_ptr78
                0x10009e14        0x4 CMakeFiles/mandelbrot-fixvfloat.dir/Users/marcelodearaujo/.pico-sdk/sdk/2.1.0/src/rp2_common/pico_standard_binary_info/standard_binary_info.c.o
 .binary_info.keep.__bi_ptr54
                0x10009e18        0x4 CMakeFiles/mandelbrot-fixvfloat.dir/Users/marcelodearaujo/.pico-sdk/sdk/2.1.0/src/rp2_common/pico_standard_binary_info/standard_binary_info.c.o
 .binary_info.keep.__bi_ptr48
                0x10009e1c        0x4 CMakeFiles/mandelbrot-fixvfloat.dir/Users/marcelodearaujo/.pico-sdk/sdk/2.1.0/src/rp2_common/pico_standard_binary_info/standard_binary_info.c.o
 .binary_info.keep.__bi_ptr42
                0x10009e20        0x4 CMakeFiles/mandelbrot-fixvfloat.dir/Users/marcelodearaujo/.pico-sdk/sdk/2.1.0/src/rp2_common/pico_standard_binary_info/standard_binary_info.c.o
 .binary_info.keep.__bi_ptr34
                0x10009e24        0x4 CMakeFiles/mandelbrot-fixvfloat.dir/Users/marcelodearaujo/.pico-sdk/sdk/2.1.0/src/rp2_common/pico_standard_binary_info/standard_binary_info.c.o
 .binary_info.keep.__bi_ptr26
                0x10009e28        0x4 CMakeFiles/mandelbrot-fixvfloat.dir/Users/marcelodearaujo/.pico-sdk/sdk/2.1.0/src/rp2_common/pico_standard_binary_info/standard_binary_info.c.o
 .binary_info.keep.__bi_ptr50
                0x10009e2c        0x4 CMakeFiles/mandelbrot-fixvfloat.dir/Users/marcelodearaujo/.pico-sdk/sdk/2.1.0/src/rp2_common/pico_bootsel_via_double_reset/pico_bootsel_via_double_reset.c.o
 *(.binary_info.*)
 .binary_info.__bi_ptr197
                0x10009e30        0x4 CMakeFiles/mandelbrot-fixvfloat.dir/Users/marcelodearaujo/.pico-sdk/sdk/2.1.0/src/rp2_common/pico_stdio_usb/stdio_usb.c.o
                0x10009e34                        __binary_info_end = .

.rel.dyn        0x10009e34        0x0
 .rel.iplt      0x10009e34        0x0 /Users/marcelodearaujo/.pico-sdk/toolchain/13_3_Rel1/bin/../lib/gcc/arm-none-eabi/13.3.1/thumb/v6-m/nofp/crtbegin.o
                0x10009e34                        . = ALIGN (0x4)

.ram_vector_table
                0x20000000       0xc0
 *(.ram_vector_table)
 .ram_vector_table
                0x20000000       0xc0 CMakeFiles/mandelbrot-fixvfloat.dir/Users/marcelodearaujo/.pico-sdk/sdk/2.1.0/src/rp2_common/pico_runtime_init/runtime_init.c.o
                0x20000000                ram_vector_table

.uninitialized_data
                0x200000c0        0xc
                0x200000c0                        . = ALIGN (0x4)
 *(.uninitialized_data*)
 .uninitialized_data.magic_location
                0x200000c0        0xc CMakeFiles/mandelbrot-fixvfloat.dir/Users/marcelodearaujo/.pico-sdk/sdk/2.1.0/src/rp2_common/pico_bootsel_via_double_reset/pico_bootsel_via_double_reset.c.o

.data           0x200000d0     0x1008 load address 0x10009e34
                0x200000d0                        __data_start__ = .
 *(vtable)
 *(.time_critical*)
 .time_critical.mutex_try_enter
                0x200000d0       0x40 CMakeFiles/mandelbrot-fixvfloat.dir/Users/marcelodearaujo/.pico-sdk/sdk/2.1.0/src/common/pico_sync/mutex.c.o
                0x200000d0                mutex_try_enter
 .time_critical.mutex_try_enter_block_until
                0x20000110       0x9c CMakeFiles/mandelbrot-fixvfloat.dir/Users/marcelodearaujo/.pico-sdk/sdk/2.1.0/src/common/pico_sync/mutex.c.o
                0x20000110                mutex_try_enter_block_until
 .time_critical.mutex_enter_timeout_ms
                0x200001ac       0x90 CMakeFiles/mandelbrot-fixvfloat.dir/Users/marcelodearaujo/.pico-sdk/sdk/2.1.0/src/common/pico_sync/mutex.c.o
                0x200001ac                mutex_enter_timeout_ms
 .time_critical.mutex_exit
                0x2000023c       0x28 CMakeFiles/mandelbrot-fixvfloat.dir/Users/marcelodearaujo/.pico-sdk/sdk/2.1.0/src/common/pico_sync/mutex.c.o
                0x2000023c                mutex_exit
 .time_critical.flash_init_boot2_copyout
                0x20000264       0x30 CMakeFiles/mandelbrot-fixvfloat.dir/Users/marcelodearaujo/.pico-sdk/sdk/2.1.0/src/rp2_common/hardware_flash/flash.c.o
 .time_critical.flash_enable_xip_via_boot2
                0x20000294        0xc CMakeFiles/mandelbrot-fixvfloat.dir/Users/marcelodearaujo/.pico-sdk/sdk/2.1.0/src/rp2_common/hardware_flash/flash.c.o
 .time_critical.flash_cs_force
                0x200002a0       0x38 CMakeFiles/mandelbrot-fixvfloat.dir/Users/marcelodearaujo/.pico-sdk/sdk/2.1.0/src/rp2_common/hardware_flash/flash.c.o
 .time_critical.flash_do_cmd
                0x200002d8       0xc0 CMakeFiles/mandelbrot-fixvfloat.dir/Users/marcelodearaujo/.pico-sdk/sdk/2.1.0/src/rp2_common/hardware_flash/flash.c.o
                0x200002d8                flash_do_cmd
 .time_critical.reset_non_control_endpoints
                0x20000398       0x68 CMakeFiles/mandelbrot-fixvfloat.dir/Users/marcelodearaujo/.pico-sdk/sdk/2.1.0/lib/tinyusb/src/portable/raspberrypi/rp2040/dcd_rp2040.c.o
 .time_critical.hw_handle_buff_status
                0x20000400       0xb0 CMakeFiles/mandelbrot-fixvfloat.dir/Users/marcelodearaujo/.pico-sdk/sdk/2.1.0/lib/tinyusb/src/portable/raspberrypi/rp2040/dcd_rp2040.c.o
 .time_critical.dcd_rp2040_irq
                0x200004b0      0x578 CMakeFiles/mandelbrot-fixvfloat.dir/Users/marcelodearaujo/.pico-sdk/sdk/2.1.0/lib/tinyusb/src/portable/raspberrypi/rp2040/dcd_rp2040.c.o
 .time_critical.prepare_ep_buffer
                0x20000a28       0xe0 CMakeFiles/mandelbrot-fixvfloat.dir/Users/marcelodearaujo/.pico-sdk/sdk/2.1.0/lib/tinyusb/src/portable/raspberrypi/rp2040/rp2040_usb.c.o
 .time_critical.sync_ep_buffer
                0x20000b08       0xa8 CMakeFiles/mandelbrot-fixvfloat.dir/Users/marcelodearaujo/.pico-sdk/sdk/2.1.0/lib/tinyusb/src/portable/raspberrypi/rp2040/rp2040_usb.c.o
 .time_critical._hw_endpoint_xfer_sync
                0x20000bb0       0x28 CMakeFiles/mandelbrot-fixvfloat.dir/Users/marcelodearaujo/.pico-sdk/sdk/2.1.0/lib/tinyusb/src/portable/raspberrypi/rp2040/rp2040_usb.c.o
 .time_critical.e15_is_bulkin_ep
                0x20000bd8       0x28 CMakeFiles/mandelbrot-fixvfloat.dir/Users/marcelodearaujo/.pico-sdk/sdk/2.1.0/lib/tinyusb/src/portable/raspberrypi/rp2040/rp2040_usb.c.o
 .time_critical.e15_is_critical_frame_period
                0x20000c00       0x34 CMakeFiles/mandelbrot-fixvfloat.dir/Users/marcelodearaujo/.pico-sdk/sdk/2.1.0/lib/tinyusb/src/portable/raspberrypi/rp2040/rp2040_usb.c.o
 .time_critical.hw_endpoint_reset_transfer
                0x20000c34        0xc CMakeFiles/mandelbrot-fixvfloat.dir/Users/marcelodearaujo/.pico-sdk/sdk/2.1.0/lib/tinyusb/src/portable/raspberrypi/rp2040/rp2040_usb.c.o
                0x20000c34                hw_endpoint_reset_transfer
 .time_critical._hw_endpoint_buffer_control_update32
                0x20000c40       0x50 CMakeFiles/mandelbrot-fixvfloat.dir/Users/marcelodearaujo/.pico-sdk/sdk/2.1.0/lib/tinyusb/src/portable/raspberrypi/rp2040/rp2040_usb.c.o
                0x20000c40                _hw_endpoint_buffer_control_update32
 .time_critical.hw_endpoint_start_next_buffer
                0x20000c90       0x6c CMakeFiles/mandelbrot-fixvfloat.dir/Users/marcelodearaujo/.pico-sdk/sdk/2.1.0/lib/tinyusb/src/portable/raspberrypi/rp2040/rp2040_usb.c.o
                0x20000c90                hw_endpoint_start_next_buffer
 .time_critical.hw_endpoint_xfer_continue
                0x20000cfc       0x40 CMakeFiles/mandelbrot-fixvfloat.dir/Users/marcelodearaujo/.pico-sdk/sdk/2.1.0/lib/tinyusb/src/portable/raspberrypi/rp2040/rp2040_usb.c.o
                0x20000cfc                hw_endpoint_xfer_continue
 .time_critical.tinyusb
                0x20000d3c      0x1e4 CMakeFiles/mandelbrot-fixvfloat.dir/Users/marcelodearaujo/.pico-sdk/sdk/2.1.0/lib/tinyusb/src/device/usbd.c.o
                0x20000d3c                dcd_event_handler
 .time_critical.spi_write16_blocking
                0x20000f20       0x50 CMakeFiles/mandelbrot-fixvfloat.dir/Users/marcelodearaujo/.pico-sdk/sdk/2.1.0/src/rp2_common/hardware_spi/spi.c.o
                0x20000f20                spi_write16_blocking
 *(.text*)
 .text          0x20000f70        0x4 /Users/marcelodearaujo/.pico-sdk/toolchain/13_3_Rel1/bin/../lib/gcc/arm-none-eabi/13.3.1/thumb/v6-m/nofp/libgcc.a(_dvmd_tls.o)
                0x20000f70                __aeabi_ldiv0
                0x20000f70                __aeabi_idiv0
 *fill*         0x20000f74        0x4 
 .text.__stub   0x20000f78       0x80 linker stubs
                0x20000ff8                        . = ALIGN (0x4)
 *(.rodata*)
                0x20000ff8                        . = ALIGN (0x4)
 *(.data*)
 .data.max_amplitude
                0x20000ff8        0x4 CMakeFiles/mandelbrot-fixvfloat.dir/mandelbrot_fixvfloat.c.o
                0x20000ff8                max_amplitude
 .data.speed_fact
                0x20000ffc        0x4 CMakeFiles/mandelbrot-fixvfloat.dir/mandelbrot_fixvfloat.c.o
                0x20000ffc                speed_fact
 .data.address_pointer
                0x20001000        0x4 CMakeFiles/mandelbrot-fixvfloat.dir/vga_graphics.c.o
                0x20001000                address_pointer
 .data.striped_spin_lock_num
                0x20001004        0x1 CMakeFiles/mandelbrot-fixvfloat.dir/Users/marcelodearaujo/.pico-sdk/sdk/2.1.0/src/rp2_common/hardware_sync/sync.c.o
 *fill*         0x20001005        0x3 
 .data          0x20001008       0x48 CMakeFiles/mandelbrot-fixvfloat.dir/Users/marcelodearaujo/.pico-sdk/sdk/2.1.0/src/rp2_common/hardware_irq/irq_handler_chain.S.o
                0x20001008                irq_handler_chain_slots
                0x20001038                irq_handler_chain_first_slot
                0x20001042                irq_handler_chain_remove_tail
 .data.default_alarm_pool
                0x20001050       0x18 CMakeFiles/mandelbrot-fixvfloat.dir/Users/marcelodearaujo/.pico-sdk/sdk/2.1.0/src/common/pico_time/time.c.o
 *fill*         0x20001068        0x8 
 .data.aeabi_bits_funcs
                0x20001070       0x10 CMakeFiles/mandelbrot-fixvfloat.dir/Users/marcelodearaujo/.pico-sdk/sdk/2.1.0/src/rp2_common/pico_bit_ops/bit_ops_aeabi.S.o